Command: C:\Espressif\tools\python\v5.5.3\venv\Scripts\python.exe C:\esp\v5.5.3\esp-idf\tools/idf_monitor.py -p COM3 -b 115200 --toolchain-prefix xtensa-esp32-elf- --target esp32 --revision 0 C:\esp\hello_world\build\hello_world.elf C:\esp\hello_world\build\bootloader\bootloader.elf --force-color -m 'C:\Espressif\tools\python\v5.5.3\venv\Scripts\python.exe' 'C:\esp\v5.5.3\esp-idf\tools\idf.py' '-p' 'COM3'
Jul 29 2019 12:21:46

rst:0x1 (POWERON_RESET),boot:0x13 (SPI_FAST_FLASH_BOOT)
configsip: 0, SPIWP:0xee
clk_drv:0x00,q_drv:0x00,d_drv:0x00,cs0_drv:0x00,hd_drv:0x00,wp_drv:0x00
mode:DIO, clock div:2
load:0x3fff0030,len:6280
loa�ets Jul 29 2019 12:21:46

rst:0x1 (POWERON_RESET),boot:0x13 (SPI_FAST_FLASH_BOOT)
configsip: 0, SPIWP:0xee
clk_drv:0x00,q_drv:0x00,d_drv:0x00,cs0_drv:0x00,hd_drv:0x00,wp_drv:0x00
mode:DIO, clock div:2
load:0x3fff0030,len:6280
load:0x40078000,len:15864
load:0x40080400,len:3920
entry 0x40080644
[0;32mI (27) boot: ESP-IDF -128-NOTFOUND 2nd stage bootloader[0m
[0;32mI (27) boot: compile time Mar  3 2026 10:17:38[0m
[0;32mI (28) boot: Multicore bootloader[0m
[0;32mI (29) boot: chip revision: v3.1[0m
[0;32mI (32) boot.esp32: SPI Speed      : 40MHz[0m
[0;32mI (36) boot.esp32: SPI Mode       : DIO[0m
[0;32mI (39) boot.esp32: SPI Flash Size : 2MB[0m
[0;32mI (43) boot: Enabling RNG early entropy source...[0m
[0;32mI (47) boot: Partition Table:[0m
[0;32mI (50) boot: ## Label            Usage          Type ST Offset   Length[0m
[0;32mI (56) boot:  0 nvs              WiFi data        01 02 00009000 00006000[0m
[0;32mI (63) boot:  1 phy_init         RF data          01 01 0000f000 00001000[0m
[0;32mI (69) boot:  2 factory          factory app      00 00 00010000 00100000[0m
[0;32mI (76) boot: End of partition table[0m
[0;32mI (79) esp_image: segment 0: paddr=00010020 vaddr=3f400020 size=06be0h ( 27616) map[0m
[0;32mI (96) esp_image: segment 1: paddr=00016c08 vaddr=3ffb0000 size=02624h (  9764) load[0m
[0;32mI (100) esp_image: segment 2: paddr=00019234 vaddr=40080000 size=06de4h ( 28132) load[0m
[0;32mI (113) esp_image: segment 3: paddr=00020020 vaddr=400d0020 size=0b8e8h ( 47336) map[0m
[0;32mI (129) esp_image: segment 4: paddr=0002b910 vaddr=40086de4 size=05bc0h ( 23488) load[0m
[0;32mI (138) esp_image: segment 5: paddr=000314d8 vaddr=50000000 size=00020h (    32) load[0m
[0;32mI (145) boot: Loaded app from partition at offset 0x10000[0m
[0;32mI (145) boot: Disabling RNG early entropy source...[0m
[0;32mI (157) cpu_start: Multicore app[0m
[0;32mI (165) cpu_start: GPIO 3 and 1 are used as console UART I/O pins[0m
[0;32mI (165) cpu_start: Pro cpu start user code[0m
[0;32mI (165) cpu_start: cpu freq: 160000000 Hz[0m
[0;32mI (167) app_init: Application information:[0m
[0;32mI (171) app_init: Project name:     hello_world[0m
[0;32mI (175) app_init: App version:      1[0m
[0;32mI (179) app_init: Compile time:     Mar  3 2026 10:17:22[0m
[0;32mI (184) app_init: ELF file SHA256:  de478e363...[0m
[0;32mI (188) app_init: ESP-IDF:          -128-NOTFOUND[0m
[0;32mI (193) efuse_init: Min chip rev:     v0.0[0m
[0;32mI (196) efuse_init: Max chip rev:     v3.99 [0m
[0;32mI (200) efuse_init: Chip rev:         v3.1[0m
[0;32mI (204) heap_init: Initializing. RAM available for dynamic allocation:[0m
[0;32mI (211) heap_init: At 3FFAE6E0 len 00001920 (6 KiB): DRAM[0m
[0;32mI (216) heap_init: At 3FFB2E88 len 0002D178 (180 KiB): DRAM[0m
[0;32mI (221) heap_init: At 3FFE0440 len 00003AE0 (14 KiB): D/IRAM[0m
[0;32mI (226) heap_init: At 3FFE4350 len 0001BCB0 (111 KiB): D/IRAM[0m
[0;32mI (232) heap_init: At 4008C9A4 len 0001365C (77 KiB): IRAM[0m
[0;33mW (238) spi_flash: Detected boya flash chip but using generic driver. For optimal functionality, enable `SPI_FLASH_SUPPORT_BOYA_CHIP` in menuconfig[0m
[0;32mI (250) spi_flash: detected chip: generic[0m
[0;32mI (254) spi_flash: flash io: dio[0m
[0;33mW (257) spi_flash: Detected size(4096k) larger than the size in the binary image header(2048k). Using the size in the binary image header.[0m
[0;32mI (269) main_task: Started on CPU0[0m
[0;32mI (279) main_task: Calling app_main()[0m
Hello world!
This is esp32 chip with 2 CPU core(s), WiFi/BTBLE, silicon revision v3.1, 2MB external flash
Minimum free heap size: 304988 bytes
Restarting in 10 seconds...
Restarting in 9 seconds...
Restarting in 8 seconds...
Restarting in 7 seconds...
Restarting in 6 seconds...
Restarting in 5 seconds...
Restarting in 4 seconds...
Restarting in 3 seconds...
Restarting in 2 seconds...
Restarting in 1 seconds...
Restarting in 0 seconds...
Restarting now.
ets Jul 29 2019 12:21:46

rst:0xc (SW_CPU_RESET),boot:0x13 (SPI_FAST_FLASH_BOOT)
configsip: 0, SPIWP:0xee
clk_drv:0x00,q_drv:0x00,d_drv:0x00,cs0_drv:0x00,hd_drv:0x00,wp_drv:0x00
mode:DIO, clock div:2
load:0x3fff0030,len:6280
load:0x40078000,len:15864
load:0x40080400,len:3920
entry 0x40080644
[0;32mI (27) boot: ESP-IDF -128-NOTFOUND 2nd stage bootloader[0m
[0;32mI (27) boot: compile time Mar  3 2026 10:17:38[0m
[0;32mI (27) boot: Multicore bootloader[0m
[0;32mI (29) boot: chip revision: v3.1[0m
[0;32mI (32) boot.esp32: SPI Speed      : 40MHz[0m
[0;32mI (36) boot.esp32: SPI Mode       : DIO[0m
[0;32mI (39) boot.esp32: SPI Flash Size : 2MB[0m
[0;32mI (43) boot: Enabling RNG early entropy source...[0m
[0;32mI (47) boot: Partition Table:[0m
[0;32mI (50) boot: ## Label            Usage          Type ST Offset   Length[0m
[0;32mI (56) boot:  0 nvs              WiFi data        01 02 00009000 00006000[0m
[0;32mI (63) boot:  1 phy_init         RF data          01 01 0000f000 00001000[0m
[0;32mI (69) boot:  2 factory          factory app      00 00 00010000 00100000[0m
[0;32mI (76) boot: End of partition table[0m
[0;32mI (79) esp_image: segment 0: paddr=00010020 vaddr=3f400020 size=06be0h ( 27616) map[0m
[0;32mI (96) esp_image: segment 1: paddr=00016c08 vaddr=3ffb0000 size=02624h (  9764) load[0m
[0;32mI (100) esp_image: segment 2: paddr=00019234 vaddr=40080000 size=06de4h ( 28132) load[0m
[0;32mI (113) esp_image: segment 3: paddr=00020020 vaddr=400d0020 size=0b8e8h ( 47336) map[0m
[0;32mI (129) esp_image: segment 4: paddr=0002b910 vaddr=40086de4 size=05bc0h ( 23488) load[0m
[0;32mI (138) esp_image: segment 5: paddr=000314d8 vaddr=50000000 size=00020h (    32) load[0m
[0;32mI (145) boot: Loaded app from partition at offset 0x10000[0m
[0;32mI (145) boot: Disabling RNG early entropy source...[0m
[0;32mI (157) cpu_start: Multicore app[0m
[0;32mI (165) cpu_start: GPIO 3 and 1 are used as console UART I/O pins[0m
[0;32mI (165) cpu_start: Pro cpu start user code[0m
[0;32mI (165) cpu_start: cpu freq: 160000000 Hz[0m
[0;32mI (167) app_init: Application information:[0m
[0;32mI (171) app_init: Project name:     hello_world[0m
[0;32mI (175) app_init: App version:      1[0m
[0;32mI (179) app_init: Compile time:     Mar  3 2026 10:17:22[0m
[0;32mI (184) app_init: ELF file SHA256:  de478e363...[0m
[0;32mI (188) app_init: ESP-IDF:          -128-NOTFOUND[0m
[0;32mI (192) efuse_init: Min chip rev:     v0.0[0m
[0;32mI (196) efuse_init: Max chip rev:     v3.99 [0m
[0;32mI (200) efuse_init: Chip rev:         v3.1[0m
[0;32mI (204) heap_init: Initializing. RAM available for dynamic allocation:[0m
[0;32mI (211) heap_init: At 3FFAE6E0 len 00001920 (6 KiB): DRAM[0m
[0;32mI (215) heap_init: At 3FFB2E88 len 0002D178 (180 KiB): DRAM[0m
[0;32mI (221) heap_init: At 3FFE0440 len 00003AE0 (14 KiB): D/IRAM[0m
[0;32mI (226) heap_init: At 3FFE4350 len 0001BCB0 (111 KiB): D/IRAM[0m
[0;32mI (232) heap_init: At 4008C9A4 len 0001365C (77 KiB): IRAM[0m
[0;33mW (238) spi_flash: Detected boya flash chip but using generic driver. For optimal functionality, enable `SPI_FLASH_SUPPORT_BOYA_CHIP` in menuconfig[0m
[0;32mI (250) spi_flash: detected chip: generic[0m
[0;32mI (253) spi_flash: flash io: dio[0m
[0;33mW (256) spi_flash: Detected size(4096k) larger than the size in the binary image header(2048k). Using the size in the binary image header.[0m
[0;32mI (269) main_task: Started on CPU0[0m
[0;32mI (279) main_task: Calling app_main()[0m
Hello world!
This is esp32 chip with 2 CPU core(s), WiFi/BTBLE, silicon revision v3.1, 2MB external flash
Minimum free heap size: 304988 bytes
Restarting in 10 seconds...
Restarting in 9 seconds...
Restarting in 8 seconds...
Restarting in 7 seconds...
Restarting in 6 seconds...
Restarting in 5 seconds...
Restarting in 4 seconds...
Restarting in 3 seconds...
Restarting in 2 seconds...
Restarting in 1 seconds...
Restarting in 0 seconds...
Restarting now.
ets Jul 29 2019 12:21:46

rst:0xc (SW_CPU_RESET),boot:0x13 (SPI_FAST_FLASH_BOOT)
configsip: 0, SPIWP:0xee
clk_drv:0x00,q_drv:0x00,d_drv:0x00,cs0_drv:0x00,hd_drv:0x00,wp_drv:0x00
mode:DIO, clock div:2
load:0x3fff0030,len:6280
load:0x40078000,len:15864
load:0x40080400,len:3920
entry 0x40080644
[0;32mI (27) boot: ESP-IDF -128-NOTFOUND 2nd stage bootloader[0m
[0;32mI (27) boot: compile time Mar  3 2026 10:17:38[0m
[0;32mI (27) boot: Multicore bootloader[0m
[0;32mI (29) boot: chip revision: v3.1[0m
[0;32mI (32) boot.esp32: SPI Speed      : 40MHz[0m
[0;32mI (36) boot.esp32: SPI Mode       : DIO[0m
[0;32mI (39) boot.esp32: SPI Flash Size : 2MB[0m
[0;32mI (43) boot: Enabling RNG early entropy source...[0m
[0;32mI (47) boot: Partition Table:[0m
[0;32mI (50) boot: ## Label            Usage          Type ST Offset   Length[0m
[0;32mI (56) boot:  0 nvs              WiFi data        01 02 00009000 00006000[0m
[0;32mI (63) boot:  1 phy_init         RF data          01 01 0000f000 00001000[0m
[0;32mI (69) boot:  2 factory          factory app      00 00 00010000 00100000[0m
[0;32mI (76) boot: End of partition table[0m
[0;32mI (79) esp_image: segment 0: paddr=00010020 vaddr=3f400020 size=06be0h ( 27616) map[0m
[0;32mI (96) esp_image: segment 1: paddr=00016c08 vaddr=3ffb0000 size=02624h (  9764) load[0m
[0;32mI (100) esp_image: segment 2: paddr=00019234 vaddr=40080000 size=06de4h ( 28132) load[0m
[0;32mI (113) esp_image: segment 3: paddr=00020020 vaddr=400d0020 size=0b8e8h ( 47336) map[0m
[0;32mI (129) esp_image: segment 4: paddr=0002b910 vaddr=40086de4 size=05bc0h ( 23488) load[0m
[0;32mI (138) esp_image: segment 5: paddr=000314d8 vaddr=50000000 size=00020h (    32) load[0m
[0;32mI (145) boot: Loaded app from partition at offset 0x10000[0m
[0;32mI (145) boot: Disabling RNG early entropy source...[0m
[0;32mI (157) cpu_start: Multicore app[0m
[0;32mI (165) cpu_start: GPIO 3 and 1 are used as console UART I/O pins[0m
[0;32mI (165) cpu_start: Pro cpu start user code[0m
[0;32mI (165) cpu_start: cpu freq: 160000000 Hz[0m
[0;32mI (167) app_init: Application information:[0m
[0;32mI (171) app_init: Project name:     hello_world[0m
[0;32mI (175) app_init: App version:      1[0m
[0;32mI (179) app_init: Compile time:     Mar  3 2026 10:17:22[0m
[0;32mI (184) app_init: ELF file SHA256:  de478e363...[0m
[0;32mI (188) app_init: ESP-IDF:          -128-NOTFOUND[0m
[0;32mI (192) efuse_init: Min chip rev:     v0.0[0m
[0;32mI (196) efuse_init: Max chip rev:     v3.99 [0m
[0;32mI (200) efuse_init: Chip rev:         v3.1[0m
[0;32mI (204) heap_init: Initializing. RAM available for dynamic allocation:[0m
[0;32mI (211) heap_init: At 3FFAE6E0 len 00001920 (6 KiB): DRAM[0m
[0;32mI (215) heap_init: At 3FFB2E88 len 0002D178 (180 KiB): DRAM[0m
[0;32mI (221) heap_init: At 3FFE0440 len 00003AE0 (14 KiB): D/IRAM[0m
[0;32mI (226) heap_init: At 3FFE4350 len 0001BCB0 (111 KiB): D/IRAM[0m
[0;32mI (232) heap_init: At 4008C9A4 len 0001365C (77 KiB): IRAM[0m
[0;33mW (238) spi_flash: Detected boya flash chip but using generic driver. For optimal functionality, enable `SPI_FLASH_SUPPORT_BOYA_CHIP` in menuconfig[0m
[0;32mI (250) spi_flash: detected chip: generic[0m
[0;32mI (253) spi_flash: flash io: dio[0m
[0;33mW (256) spi_flash: Detected size(4096k) larger than the size in the binary image header(2048k). Using the size in the binary image header.[0m
[0;32mI (269) main_task: Started on CPU0[0m
[0;32mI (279) main_task: Calling app_main()[0m
Hello world!
This is esp32 chip with 2 CPU core(s), WiFi/BTBLE, silicon revision v3.1, 2MB external flash
Minimum free heap size: 304988 bytes
Restarting in 10 seconds...
Restarting in 9 seconds...
Restarting in 8 seconds...
Restarting in 7 seconds...
Restarting in 6 seconds...
Restarting in 5 seconds...
Restarting in 4 seconds...
Restarting in 3 seconds...
Restarting in 2 seconds...
Restarting in 1 seconds...
Restarting in 0 seconds...
Restarting now.
ets Jul 29 2019 12:21:46

rst:0xc (SW_CPU_RESET),boot:0x13 (SPI_FAST_FLASH_BOOT)
configsip: 0, SPIWP:0xee
clk_drv:0x00,q_drv:0x00,d_drv:0x00,cs0_drv:0x00,hd_drv:0x00,wp_drv:0x00
mode:DIO, clock div:2
load:0x3fff0030,len:6280
load:0x40078000,len:15864
load:0x40080400,len:3920
entry 0x40080644
[0;32mI (27) boot: ESP-IDF -128-NOTFOUND 2nd stage bootloader[0m
[0;32mI (27) boot: compile time Mar  3 2026 10:17:38[0m
[0;32mI (27) boot: Multicore bootloader[0m
[0;32mI (29) boot: chip revision: v3.1[0m
[0;32mI (32) boot.esp32: SPI Speed      : 40MHz[0m
[0;32mI (36) boot.esp32: SPI Mode       : DIO[0m
[0;32mI (39) boot.esp32: SPI Flash Size : 2MB[0m
[0;32mI (43) boot: Enabling RNG early entropy source...[0m
[0;32mI (47) boot: Partition Table:[0m
[0;32mI (50) boot: ## Label            Usage          Type ST Offset   Length[0m
[0;32mI (56) boot:  0 nvs              WiFi data        01 02 00009000 00006000[0m
[0;32mI (63) boot:  1 phy_init         RF data          01 01 0000f000 00001000[0m
[0;32mI (69) boot:  2 factory          factory app      00 00 00010000 00100000[0m
[0;32mI (76) boot: End of partition table[0m
[0;32mI (79) esp_image: segment 0: paddr=00010020 vaddr=3f400020 size=06be0h ( 27616) map[0m
[0;32mI (96) esp_image: segment 1: paddr=00016c08 vaddr=3ffb0000 size=02624h (  9764) load[0m
[0;32mI (100) esp_image: segment 2: paddr=00019234 vaddr=40080000 size=06de4h ( 28132) load[0m
[0;32mI (113) esp_image: segment 3: paddr=00020020 vaddr=400d0020 size=0b8e8h ( 47336) map[0m
[0;32mI (129) esp_image: segment 4: paddr=0002b910 vaddr=40086de4 size=05bc0h ( 23488) load[0m
[0;32mI (138) esp_image: segment 5: paddr=000314d8 vaddr=50000000 size=00020h (    32) load[0m
[0;32mI (145) boot: Loaded app from partition at offset 0x10000[0m
[0;32mI (145) boot: Disabling RNG early entropy source...[0m
[0;32mI (157) cpu_start: Multicore app[0m
[0;32mI (165) cpu_start: GPIO 3 and 1 are used as console UART I/O pins[0m
[0;32mI (165) cpu_start: Pro cpu start user code[0m
[0;32mI (165) cpu_start: cpu freq: 160000000 Hz[0m
[0;32mI (167) app_init: Application information:[0m
[0;32mI (171) app_init: Project name:     hello_world[0m
[0;32mI (175) app_init: App version:      1[0m
I (179) app_init: Compile time:     Mar  3 2026 10:17:22
[0;32mI (184) app_init: ELF file SHA256:  de478e363...[0m
[0;32mI (188) app_init: ESP-IDF:          -128-NOTFOUND[0m
[0;32mI (192) efuse_init: Min chip rev:     v0.0[0m
[0;32mI (196) efuse_init: Max chip rev:     v3.99 [0m
[0;32mI (200) efuse_init: Chip rev:         v3.1[0m
[0;32mI (204) heap_init: Initializing. RAM available for dynamic allocation:[0m
[0;32mI (211) heap_init: At 3FFAE6E0 len 00001920 (6 KiB): DRAM[0m
[0;32mI (215) heap_init: At 3FFB2E88 len 0002D178 (180 KiB): DRAM[0m
[0;32mI (221) heap_init: At 3FFE0440 len 00003AE0 (14 KiB): D/IRAM[0m
[0;32mI (226) heap_init: At 3FFE4350 len 0001BCB0 (111 KiB): D/IRAM[0m
[0;32mI (232) heap_init: At 4008C9A4 len 0001365C (77 KiB): IRAM[0m
[0;33mW (238) spi_flash: Detected boya flash chip but using generic driver. For optimal functionality, enable `SPI_FLASH_SUPPORT_BOYA_CHIP` in menuconfig[0m
[0;32mI (250) spi_flash: detected chip: generic[0m
[0;32mI (253) spi_flash: flash io: dio[0m
[0;33mW (256) spi_flash: Detected size(4096k) larger than the size in the binary image header(2048k). Using the size in the binary image header.[0m
[0;32mI (269) main_task: Started on CPU0[0m
[0;32mI (279) main_task: Calling app_main()[0m
Hello world!
This is esp32 chip with 2 CPU core(s), WiFi/BTBLE, silicon revision v3.1, 2MB external flash
Minimum free heap size: 304988 bytes
Restarting in 10 seconds...
Restarting in 9 seconds...
Restarting in 8 seconds...
Restarting in 7 seconds...
Restarting in 6 seconds...
Restarting in 5 seconds...
Restarting in 4 seconds...
Restarting in 3 seconds...
Restarting in 2 seconds...
Restarting in 1 seconds...
Restarting in 0 seconds...
Restarting now.
ets Jul 29 2019 12:21:46

rst:0xc (SW_CPU_RESET),boot:0x13 (SPI_FAST_FLASH_BOOT)
configsip: 0, SPIWP:0xee
clk_drv:0x00,q_drv:0x00,d_drv:0x00,cs0_drv:0x00,hd_drv:0x00,wp_drv:0x00
mode:DIO, clock div:2
load:0x3fff0030,len:6280
load:0x40078000,len:15864
load:0x40080400,len:3920
entry 0x40080644
[0;32mI (27) boot: ESP-IDF -128-NOTFOUND 2nd stage bootloader[0m
[0;32mI (27) boot: compile time Mar  3 2026 10:17:38[0m
[0;32mI (27) boot: Multicore bootloader[0m
[0;32mI (29) boot: chip revision: v3.1[0m
[0;32mI (32) boot.esp32: SPI Speed      : 40MHz[0m
[0;32mI (36) boot.esp32: SPI Mode       : DIO[0m
[0;32mI (39) boot.esp32: SPI Flash Size : 2MB[0m
[0;32mI (43) boot: Enabling RNG early entropy source...[0m
[0;32mI (47) boot: Partition Table:[0m
[0;32mI (50) boot: ## Label            Usage          Type ST Offset   Length[0m
[0;32mI (56) boot:  0 nvs              WiFi data        01 02 00009000 00006000[0m
[0;32mI (63) boot:  1 phy_init         RF data          01 01 0000f000 00001000[0m
[0;32mI (69) boot:  2 factory          factory app      00 00 00010000 00100000[0m
[0;32mI (76) boot: End of partition table[0m
[0;32mI (79) esp_image: segment 0: paddr=00010020 vaddr=3f400020 size=06be0h ( 27616) map[0m
[0;32mI (96) esp_image: segment 1: paddr=00016c08 vaddr=3ffb0000 size=02624h (  9764) load[0m
[0;32mI (100) esp_image: segment 2: paddr=00019234 vaddr=40080000 size=06de4h ( 28132) load[0m
[0;32mI (113) esp_image: segment 3: paddr=00020020 vaddr=400d0020 size=0b8e8h ( 47336) map[0m
[0;32mI (129) esp_image: segment 4: paddr=0002b910 vaddr=40086de4 size=05bc0h ( 23488) load[0m
[0;32mI (138) esp_image: segment 5: paddr=000314d8 vaddr=50000000 size=00020h (    32) load[0m
[0;32mI (145) boot: Loaded app from partition at offset 0x10000[0m
[0;32mI (145) boot: Disabling RNG early entropy source...[0m
[0;32mI (157) cpu_start: Multicore app[0m
[0;32mI (165) cpu_start: GPIO 3 and 1 are used as console UART I/O pins[0m
[0;32mI (165) cpu_start: Pro cpu start user code[0m
[0;32mI (165) cpu_start: cpu freq: 160000000 Hz[0m
I (167) app_init: Application information:
[0;32mI (171) app_init: Project name:     hello_world[0m
[0;32mI (175) app_init: App version:      1[0m
[0;32mI (179) app_init: Compile time:     Mar  3 2026 10:17:22[0m
[0;32mI (184) app_init: ELF file SHA256:  de478e363...[0m
[0;32mI (188) app_init: ESP-IDF:          -128-NOTFOUND[0m
[0;32mI (192) efuse_init: Min chip rev:     v0.0[0m
[0;32mI (196) efuse_init: Max chip rev:     v3.99 [0m
[0;32mI (200) efuse_init: Chip rev:         v3.1[0m
[0;32mI (204) heap_init: Initializing. RAM available for dynamic allocation:[0m
[0;32mI (211) heap_init: At 3FFAE6E0 len 00001920 (6 KiB): DRAM[0m
[0;32mI (215) heap_init: At 3FFB2E88 len 0002D178 (180 KiB): DRAM[0m
[0;32mI (221) heap_init: At 3FFE0440 len 00003AE0 (14 KiB): D/IRAM[0m
[0;32mI (226) heap_init: At 3FFE4350 len 0001BCB0 (111 KiB): D/IRAM[0m
[0;32mI (232) heap_init: At 4008C9A4 len 0001365C (77 KiB): IRAM[0m
[0;33mW (238) spi_flash: Detected boya flash chip but using generic driver. For optimal functionality, enable `SPI_FLASH_SUPPORT_BOYA_CHIP` in menuconfig[0m
[0;32mI (250) spi_flash: detected chip: generic[0m
[0;32mI (253) spi_flash: flash io: dio[0m
[0;33mW (256) spi_flash: Detected size(4096k) larger than the size in the binary image header(2048k). Using the size in the binary image header.[0m
[0;32mI (269) main_task: Started on CPU0[0m
[0;32mI (279) main_task: Calling app_main()[0m
Hello world!
This is esp32 chip with 2 CPU core(s), WiFi/BTBLE, silicon revision v3.1, 2MB external flash
Minimum free heap size: 304988 bytes
Restarting in 10 seconds...
Restarting in 9 seconds...
Restarting in 8 seconds...
Restarting in 7 seconds...
Restarting in 6 seconds...
Restarting in 5 seconds...
Restarting in 4 seconds...
Restarting in 3 seconds...
Restarting in 2 seconds...
Restarting in 1 seconds...
Restarting in 0 seconds...
Restarting now.
ets Jul 29 2019 12:21:46

rst:0xc (SW_CPU_RESET),boot:0x13 (SPI_FAST_FLASH_BOOT)
configsip: 0, SPIWP:0xee
clk_drv:0x00,q_drv:0x00,d_drv:0x00,cs0_drv:0x00,hd_drv:0x00,wp_drv:0x00
mode:DIO, clock div:2
load:0x3fff0030,len:6280
load:0x40078000,len:15864
load:0x40080400,len:3920
entry 0x40080644
[0;32mI (27) boot: ESP-IDF -128-NOTFOUND 2nd stage bootloader[0m
[0;32mI (27) boot: compile time Mar  3 2026 10:17:38[0m
[0;32mI (27) boot: Multicore bootloader[0m
[0;32mI (29) boot: chip revision: v3.1[0m
[0;32mI (32) boot.esp32: SPI Speed      : 40MHz[0m
[0;32mI (36) boot.esp32: SPI Mode       : DIO[0m
[0;32mI (39) boot.esp32: SPI Flash Size : 2MB[0m
[0;32mI (43) boot: Enabling RNG early entropy source...[0m
[0;32mI (47) boot: Partition Table:[0m
[0;32mI (50) boot: ## Label            Usage          Type ST Offset   Length[0m
[0;32mI (56) boot:  0 nvs              WiFi data        01 02 00009000 00006000[0m
[0;32mI (63) boot:  1 phy_init         RF data          01 01 0000f000 00001000[0m
[0;32mI (69) boot:  2 factory          factory app      00 00 00010000 00100000[0m
[0;32mI (76) boot: End of partition table[0m
[0;32mI (79) esp_image: segment 0: paddr=00010020 vaddr=3f400020 size=06be0h ( 27616) map[0m
[0;32mI (96) esp_image: segment 1: paddr=00016c08 vaddr=3ffb0000 size=02624h (  9764) load[0m
[0;32mI (100) esp_image: segment 2: paddr=00019234 vaddr=40080000 size=06de4h ( 28132) load[0m
[0;32mI (113) esp_image: segment 3: paddr=00020020 vaddr=400d0020 size=0b8e8h ( 47336) map[0m
[0;32mI (129) esp_image: segment 4: paddr=0002b910 vaddr=40086de4 size=05bc0h ( 23488) load[0m
[0;32mI (138) esp_image: segment 5: paddr=000314d8 vaddr=50000000 size=00020h (    32) load[0m
[0;32mI (145) boot: Loaded app from partition at offset 0x10000[0m
[0;32mI (145) boot: Disabling RNG early entropy source...[0m
[0;32mI (157) cpu_start: Multicore app[0m
[0;32mI (165) cpu_start: GPIO 3 and 1 are used as console UART I/O pins[0m
[0;32mI (165) cpu_start: Pro cpu start user code[0m
[0;32mI (165) cpu_start: cpu freq: 160000000 Hz[0m
[0;32mI (167) app_init: Application information:[0m
[0;32mI (171) app_init: Project name:     hello_world[0m
[0;32mI (175) app_init: App version:      1[0m
[0;32mI (179) app_init: Compile time:     Mar  3 2026 10:17:22[0m
[0;32mI (184) app_init: ELF file SHA256:  de478e363...[0m
[0;32mI (188) app_init: ESP-IDF:          -128-NOTFOUND[0m
[0;32mI (192) efuse_init: Min chip rev:     v0.0[0m
[0;32mI (196) efuse_init: Max chip rev:     v3.99 [0m
[0;32mI (200) efuse_init: Chip rev:         v3.1[0m
[0;32mI (204) heap_init: Initializing. RAM available for dynamic allocation:[0m
[0;32mI (211) heap_init: At 3FFAE6E0 len 00001920 (6 KiB): DRAM[0m
[0;32mI (215) heap_init: At 3FFB2E88 len 0002D178 (180 KiB): DRAM[0m
[0;32mI (221) heap_init: At 3FFE0440 len 00003AE0 (14 KiB): D/IRAM[0m
[0;32mI (226) heap_init: At 3FFE4350 len 0001BCB0 (111 KiB): D/IRAM[0m
[0;32mI (232) heap_init: At 4008C9A4 len 0001365C (77 KiB): IRAM[0m
[0;33mW (238) spi_flash: Detected boya flash chip but using generic driver. For optimal functionality, enable `SPI_FLASH_SUPPORT_BOYA_CHIP` in menuconfig[0m
[0;32mI (250) spi_flash: detected chip: generic[0m
[0;32mI (253) spi_flash: flash io: dio[0m
[0;33mW (256) spi_flash: Detected size(4096k) larger than the size in the binary image header(2048k). Using the size in the binary image header.[0m
[0;32mI (269) main_task: Started on CPU0[0m
[0;32mI (279) main_task: Calling app_main()[0m
Hello world!
This is esp32 chip with 2 CPU core(s), WiFi/BTBLE, silicon revision v3.1, 2MB external flash
Minimum free heap size: 304988 bytes
Restarting in 10 seconds...
Restarting in 9 seconds...
Restarting in 8 seconds...
Restarting in 7 seconds...
Restarting in 6 seconds...
Restarting in 5 seconds...
Restarting in 4 seconds...
Restarting in 3 seconds...
Restarting in 2 seconds...
Restarting in 1 seconds...
Restarting in 0 seconds...
Restarting now.
ets Jul 29 2019 12:21:46

rst:0xc (SW_CPU_RESET),boot:0x13 (SPI_FAST_FLASH_BOOT)
configsip: 0, SPIWP:0xee
clk_drv:0x00,q_drv:0x00,d_drv:0x00,cs0_drv:0x00,hd_drv:0x00,wp_drv:0x00
mode:DIO, clock div:2
load:0x3fff0030,len:6280
load:0x40078000,len:15864
load:0x40080400,len:3920
entry 0x40080644
[0;32mI (27) boot: ESP-IDF -128-NOTFOUND 2nd stage bootloader[0m
[0;32mI (27) boot: compile time Mar  3 2026 10:17:38[0m
[0;32mI (27) boot: Multicore bootloader[0m
[0;32mI (29) boot: chip revision: v3.1[0m
[0;32mI (32) boot.esp32: SPI Speed      : 40MHz[0m
[0;32mI (36) boot.esp32: SPI Mode       : DIO[0m
[0;32mI (39) boot.esp32: SPI Flash Size : 2MB[0m
[0;32mI (43) boot: Enabling RNG early entropy source...[0m
[0;32mI (47) boot: Partition Table:[0m
[0;32mI (50) boot: ## Label            Usage          Type ST Offset   Length[0m
[0;32mI (56) boot:  0 nvs              WiFi data        01 02 00009000 00006000[0m
[0;32mI (63) boot:  1 phy_init         RF data          01 01 0000f000 00001000[0m
[0;32mI (69) boot:  2 factory          factory app      00 00 00010000 00100000[0m
[0;32mI (76) boot: End of partition table[0m
[0;32mI (79) esp_image: segment 0: paddr=00010020 vaddr=3f400020 size=06be0h ( 27616) map[0m
[0;32mI (96) esp_image: segment 1: paddr=00016c08 vaddr=3ffb0000 size=02624h (  9764) load[0m
[0;32mI (100) esp_image: segment 2: paddr=00019234 vaddr=40080000 size=06de4h ( 28132) load[0m
[0;32mI (113) esp_image: segment 3: paddr=00020020 vaddr=400d0020 size=0b8e8h ( 47336) map[0m
[0;32mI (129) esp_image: segment 4: paddr=0002b910 vaddr=40086de4 size=05bc0h ( 23488) load[0m
[0;32mI (138) esp_image: segment 5: paddr=000314d8 vaddr=50000000 size=00020h (    32) load[0m
[0;32mI (145) boot: Loaded app from partition at offset 0x10000[0m
[0;32mI (145) boot: Disabling RNG early entropy source...[0m
[0;32mI (157) cpu_start: Multicore app[0m
[0;32mI (165) cpu_start: GPIO 3 and 1 are used as console UART I/O pins[0m
[0;32mI (165) cpu_start: Pro cpu start user code[0m
[0;32mI (165) cpu_start: cpu freq: 160000000 Hz[0m
[0;32mI (167) app_init: Application information:[0m
[0;32mI (171) app_init: Project name:     hello_world[0m
[0;32mI (175) app_init: App version:      1[0m
[0;32mI (179) app_init: Compile time:     Mar  3 2026 10:17:22[0m
[0;32mI (184) app_init: ELF file SHA256:  de478e363...[0m
[0;32mI (188) app_init: ESP-IDF:          -128-NOTFOUND[0m
[0;32mI (192) efuse_init: Min chip rev:     v0.0[0m
[0;32mI (196) efuse_init: Max chip rev:     v3.99 [0m
[0;32mI (200) efuse_init: Chip rev:         v3.1[0m
[0;32mI (204) heap_init: Initializing. RAM available for dynamic allocation:[0m
[0;32mI (211) heap_init: At 3FFAE6E0 len 00001920 (6 KiB): DRAM[0m
[0;32mI (215) heap_init: At 3FFB2E88 len 0002D178 (180 KiB): DRAM[0m
[0;32mI (221) heap_init: At 3FFE0440 len 00003AE0 (14 KiB): D/IRAM[0m
[0;32mI (226) heap_init: At 3FFE4350 len 0001BCB0 (111 KiB): D/IRAM[0m
[0;32mI (232) heap_init: At 4008C9A4 len 0001365C (77 KiB): IRAM[0m
[0;33mW (238) spi_flash: Detected boya flash chip but using generic driver. For optimal functionality, enable `SPI_FLASH_SUPPORT_BOYA_CHIP` in menuconfig[0m
[0;32mI (250) spi_flash: detected chip: generic[0m
[0;32mI (253) spi_flash: flash io: dio[0m
[0;33mW (256) spi_flash: Detected size(4096k) larger than the size in the binary image header(2048k). Using the size in the binary image header.[0m
[0;32mI (269) main_task: Started on CPU0[0m
[0;32mI (279) main_task: Calling app_main()[0m
Hello world!
This is esp32 chip with 2 CPU core(s), WiFi/BTBLE, silicon revision v3.1, 2MB external flash
Minimum free heap size: 304988 bytes
Restarting in 10 seconds...
Restarting in 9 seconds...
Restarting in 8 seconds...
Restarting in 7 seconds...
Restarting in 6 seconds...
Restarting in 5 seconds...
Restarting in 4 seconds...
Restarting in 3 seconds...
Restarting in 2 seconds...
Restarting in 1 seconds...
Restarting in 0 seconds...
Restarting now.
ets Jul 29 2019 12:21:46

rst:0xc (SW_CPU_RESET),boot:0x13 (SPI_FAST_FLASH_BOOT)
configsip: 0, SPIWP:0xee
clk_drv:0x00,q_drv:0x00,d_drv:0x00,cs0_drv:0x00,hd_drv:0x00,wp_drv:0x00
mode:DIO, clock div:2
load:0x3fff0030,len:6280
load:0x40078000,len:15864
load:0x40080400,len:3920
entry 0x40080644
[0;32mI (27) boot: ESP-IDF -128-NOTFOUND 2nd stage bootloader[0m
[0;32mI (27) boot: compile time Mar  3 2026 10:17:38[0m
[0;32mI (27) boot: Multicore bootloader[0m
[0;32mI (29) boot: chip revision: v3.1[0m
[0;32mI (32) boot.esp32: SPI Speed      : 40MHz[0m
[0;32mI (36) boot.esp32: SPI Mode       : DIO[0m
[0;32mI (39) boot.esp32: SPI Flash Size : 2MB[0m
[0;32mI (43) boot: Enabling RNG early entropy source...[0m
[0;32mI (47) boot: Partition Table:[0m
[0;32mI (50) boot: ## Label            Usage          Type ST Offset   Length[0m
[0;32mI (56) boot:  0 nvs              WiFi data        01 02 00009000 00006000[0m
[0;32mI (63) boot:  1 phy_init         RF data          01 01 0000f000 00001000[0m
[0;32mI (69) boot:  2 factory          factory app      00 00 00010000 00100000[0m
[0;32mI (76) boot: End of partition table[0m
[0;32mI (79) esp_image: segment 0: paddr=00010020 vaddr=3f400020 size=06be0h ( 27616) map[0m
[0;32mI (96) esp_image: segment 1: paddr=00016c08 vaddr=3ffb0000 size=02624h (  9764) load[0m
[0;32mI (100) esp_image: segment 2: paddr=00019234 vaddr=40080000 size=06de4h ( 28132) load[0m
[0;32mI (113) esp_image: segment 3: paddr=00020020 vaddr=400d0020 size=0b8e8h ( 47336) map[0m
[0;32mI (129) esp_image: segment 4: paddr=0002b910 vaddr=40086de4 size=05bc0h ( 23488) load[0m
[0;32mI (138) esp_image: segment 5: paddr=000314d8 vaddr=50000000 size=00020h (    32) load[0m
[0;32mI (145) boot: Loaded app from partition at offset 0x10000[0m
[0;32mI (145) boot: Disabling RNG early entropy source...[0m
[0;32mI (157) cpu_start: Multicore app[0m
[0;32mI (165) cpu_start: GPIO 3 and 1 are used as console UART I/O pins[0m
[0;32mI (165) cpu_start: Pro cpu start user code[0m
[0;32mI (165) cpu_start: cpu freq: 160000000 Hz[0m
[0;32mI (167) app_init: Application information:[0m
[0;32mI (171) app_init: Project name:     hello_world[0m
[0;32mI (175) app_init: App version:      1[0m
[0;32mI (179) app_init: Compile time:     Mar  3 2026 10:17:22[0m
[0;32mI (184) app_init: ELF file SHA256:  de478e363...[0m
[0;32mI (188) app_init: ESP-IDF:          -128-NOTFOUND[0m
[0;32mI (192) efuse_init: Min chip rev:     v0.0[0m
[0;32mI (196) efuse_init: Max chip rev:     v3.99 [0m
[0;32mI (200) efuse_init: Chip rev:         v3.1[0m
[0;32mI (204) heap_init: Initializing. RAM available for dynamic allocation:[0m
[0;32mI (211) heap_init: At 3FFAE6E0 len 00001920 (6 KiB): DRAM[0m
[0;32mI (215) heap_init: At 3FFB2E88 len 0002D178 (180 KiB): DRAM[0m
[0;32mI (221) heap_init: At 3FFE0440 len 00003AE0 (14 KiB): D/IRAM[0m
[0;32mI (226) heap_init: At 3FFE4350 len 0001BCB0 (111 KiB): D/IRAM[0m
[0;32mI (232) heap_init: At 4008C9A4 len 0001365C (77 KiB): IRAM[0m
[0;33mW (238) spi_flash: Detected boya flash chip but using generic driver. For optimal functionality, enable `SPI_FLASH_SUPPORT_BOYA_CHIP` in menuconfig[0m
[0;32mI (250) spi_flash: detected chip: generic[0m
[0;32mI (253) spi_flash: flash io: dio[0m
[0;33mW (256) spi_flash: Detected size(4096k) larger than the size in the binary image header(2048k). Using the size in the binary image header.[0m
[0;32mI (269) main_task: Started on CPU0[0m
[0;32mI (279) main_task: Calling app_main()[0m
Hello world!
This is esp32 chip with 2 CPU core(s), WiFi/BTBLE, silicon revision v3.1, 2MB external flash
Minimum free heap size: 304988 bytes
Restarting in 10 seconds...
Restarting in 9 seconds...
Restarting in 8 seconds...
Restarting in 7 seconds...
Restarting in 6 seconds...
Restarting in 5 seconds...
Restarting in 4 seconds...
Restarting in 3 seconds...
Restarting in 2 seconds...
Restarting in 1 seconds...
Restarting in 0 seconds...
Restarting now.
ets Jul 29 2019 12:21:46

rst:0xc (SW_CPU_RESET),boot:0x13 (SPI_FAST_FLASH_BOOT)
configsip: 0, SPIWP:0xee
clk_drv:0x00,q_drv:0x00,d_drv:0x00,cs0_drv:0x00,hd_drv:0x00,wp_drv:0x00
mode:DIO, clock div:2
load:0x3fff0030,len:6280
load:0x40078000,len:15864
load:0x40080400,len:3920
entry 0x40080644
[0;32mI (27) boot: ESP-IDF -128-NOTFOUND 2nd stage bootloader[0m
[0;32mI (27) boot: compile time Mar  3 2026 10:17:38[0m
[0;32mI (27) boot: Multicore bootloader[0m
[0;32mI (29) boot: chip revision: v3.1[0m
[0;32mI (32) boot.esp32: SPI Speed      : 40MHz[0m
[0;32mI (36) boot.esp32: SPI Mode       : DIO[0m
[0;32mI (39) boot.esp32: SPI Flash Size : 2MB[0m
[0;32mI (43) boot: Enabling RNG early entropy source...[0m
[0;32mI (47) boot: Partition Table:[0m
[0;32mI (50) boot: ## Label            Usage          Type ST Offset   Length[0m
[0;32mI (56) boot:  0 nvs              WiFi data        01 02 00009000 00006000[0m
[0;32mI (63) boot:  1 phy_init         RF data          01 01 0000f000 00001000[0m
[0;32mI (69) boot:  2 factory          factory app      00 00 00010000 00100000[0m
[0;32mI (76) boot: End of partition table[0m
[0;32mI (79) esp_image: segment 0: paddr=00010020 vaddr=3f400020 size=06be0h ( 27616) map[0m
[0;32mI (96) esp_image: segment 1: paddr=00016c08 vaddr=3ffb0000 size=02624h (  9764) load[0m
[0;32mI (100) esp_image: segment 2: paddr=00019234 vaddr=40080000 size=06de4h ( 28132) load[0m
[0;32mI (113) esp_image: segment 3: paddr=00020020 vaddr=400d0020 size=0b8e8h ( 47336) map[0m
[0;32mI (129) esp_image: segment 4: paddr=0002b910 vaddr=40086de4 size=05bc0h ( 23488) load[0m
[0;32mI (138) esp_image: segment 5: paddr=000314d8 vaddr=50000000 size=00020h (    32) load[0m
[0;32mI (145) boot: Loaded app from partition at offset 0x10000[0m
[0;32mI (145) boot: Disabling RNG early entropy source...[0m
[0;32mI (157) cpu_start: Multicore app[0m
[0;32mI (165) cpu_start: GPIO 3 and 1 are used as console UART I/O pins[0m
[0;32mI (165) cpu_start: Pro cpu start user code[0m
[0;32mI (165) cpu_start: cpu freq: 160000000 Hz[0m
[0;32mI (167) app_init: Application information:[0m
[0;32mI (171) app_init: Project name:     hello_world[0m
[0;32mI (175) app_init: App version:      1[0m
[0;32mI (179) app_init: Compile time:     Mar  3 2026 10:17:22[0m
[0;32mI (184) app_init: ELF file SHA256:  de478e363...[0m
[0;32mI (188) app_init: ESP-IDF:          -128-NOTFOUND[0m
[0;32mI (192) efuse_init: Min chip rev:     v0.0[0m
[0;32mI (196) efuse_init: Max chip rev:     v3.99 [0m
[0;32mI (200) efuse_init: Chip rev:         v3.1[0m
[0;32mI (204) heap_init: Initializing. RAM available for dynamic allocation:[0m
[0;32mI (211) heap_init: At 3FFAE6E0 len 00001920 (6 KiB): DRAM[0m
[0;32mI (215) heap_init: At 3FFB2E88 len 0002D178 (180 KiB): DRAM[0m
[0;32mI (221) heap_init: At 3FFE0440 len 00003AE0 (14 KiB): D/IRAM[0m
[0;32mI (226) heap_init: At 3FFE4350 len 0001BCB0 (111 KiB): D/IRAM[0m
[0;32mI (232) heap_init: At 4008C9A4 len 0001365C (77 KiB): IRAM[0m
[0;33mW (238) spi_flash: Detected boya flash chip but using generic driver. For optimal functionality, enable `SPI_FLASH_SUPPORT_BOYA_CHIP` in menuconfig[0m
[0;32mI (250) spi_flash: detected chip: generic[0m
[0;32mI (253) spi_flash: flash io: dio[0m
[0;33mW (256) spi_flash: Detected size(4096k) larger than the size in the binary image header(2048k). Using the size in the binary image header.[0m
[0;32mI (269) main_task: Started on CPU0[0m
[0;32mI (279) main_task: Calling app_main()[0m
Hello world!
This is esp32 chip with 2 CPU core(s), WiFi/BTBLE, silicon revision v3.1, 2MB external flash
Minimum free heap size: 304988 bytes
Restarting in 10 seconds...
Restarting in 9 seconds...
Restarting in 8 seconds...
Restarting in 7 seconds...
Restarting in 6 seconds...
Restarting in 5 seconds...
Restarting in 4 seconds...
Restarting in 3 seconds...
Restarting in 2 seconds...
Restarting in 1 seconds...
Restarting in 0 seconds...
Restarting now.
ets Jul 29 2019 12:21:46

rst:0xc (SW_CPU_RESET),boot:0x13 (SPI_FAST_FLASH_BOOT)
configsip: 0, SPIWP:0xee
clk_drv:0x00,q_drv:0x00,d_drv:0x00,cs0_drv:0x00,hd_drv:0x00,wp_drv:0x00
mode:DIO, clock div:2
load:0x3fff0030,len:6280
load:0x40078000,len:15864
load:0x40080400,len:3920
entry 0x40080644
[0;32mI (27) boot: ESP-IDF -128-NOTFOUND 2nd stage bootloader[0m
[0;32mI (27) boot: compile time Mar  3 2026 10:17:38[0m
[0;32mI (27) boot: Multicore bootloader[0m
[0;32mI (29) boot: chip revision: v3.1[0m
[0;32mI (32) boot.esp32: SPI Speed      : 40MHz[0m
[0;32mI (36) boot.esp32: SPI Mode       : DIO[0m
[0;32mI (39) boot.esp32: SPI Flash Size : 2MB[0m
[0;32mI (43) boot: Enabling RNG early entropy source...[0m
[0;32mI (47) boot: Partition Table:[0m
[0;32mI (50) boot: ## Label            Usage          Type ST Offset   Length[0m
[0;32mI (56) boot:  0 nvs              WiFi data        01 02 00009000 00006000[0m
[0;32mI (63) boot:  1 phy_init         RF data          01 01 0000f000 00001000[0m
[0;32mI (69) boot:  2 factory          factory app      00 00 00010000 00100000[0m
[0;32mI (76) boot: End of partition table[0m
[0;32mI (79) esp_image: segment 0: paddr=00010020 vaddr=3f400020 size=06be0h ( 27616) map[0m
[0;32mI (96) esp_image: segment 1: paddr=00016c08 vaddr=3ffb0000 size=02624h (  9764) load[0m
[0;32mI (100) esp_image: segment 2: paddr=00019234 vaddr=40080000 size=06de4h ( 28132) load[0m
[0;32mI (113) esp_image: segment 3: paddr=00020020 vaddr=400d0020 size=0b8e8h ( 47336) map[0m
[0;32mI (129) esp_image: segment 4: paddr=0002b910 vaddr=40086de4 size=05bc0h ( 23488) load[0m
[0;32mI (138) esp_image: segment 5: paddr=000314d8 vaddr=50000000 size=00020h (    32) load[0m
[0;32mI (145) boot: Loaded app from partition at offset 0x10000[0m
[0;32mI (145) boot: Disabling RNG early entropy source...[0m
[0;32mI (157) cpu_start: Multicore app[0m
[0;32mI (165) cpu_start: GPIO 3 and 1 are used as console UART I/O pins[0m
[0;32mI (165) cpu_start: Pro cpu start user code[0m
[0;32mI (165) cpu_start: cpu freq: 160000000 Hz[0m
[0;32mI (167) app_init: Application information:[0m
[0;32mI (171) app_init: Project name:     hello_world[0m
[0;32mI (175) app_init: App version:      1[0m
[0;32mI (179) app_init: Compile time:     Mar  3 2026 10:17:22[0m
[0;32mI (184) app_init: ELF file SHA256:  de478e363...[0m
[0;32mI (188) app_init: ESP-IDF:          -128-NOTFOUND[0m
[0;32mI (192) efuse_init: Min chip rev:     v0.0[0m
[0;32mI (196) efuse_init: Max chip rev:     v3.99 [0m
[0;32mI (200) efuse_init: Chip rev:         v3.1[0m
[0;32mI (204) heap_init: Initializing. RAM available for dynamic allocation:[0m
[0;32mI (211) heap_init: At 3FFAE6E0 len 00001920 (6 KiB): DRAM[0m
[0;32mI (215) heap_init: At 3FFB2E88 len 0002D178 (180 KiB): DRAM[0m
[0;32mI (221) heap_init: At 3FFE0440 len 00003AE0 (14 KiB): D/IRAM[0m
[0;32mI (226) heap_init: At 3FFE4350 len 0001BCB0 (111 KiB): D/IRAM[0m
[0;32mI (232) heap_init: At 4008C9A4 len 0001365C (77 KiB): IRAM[0m
[0;33mW (238) spi_flash: Detected boya flash chip but using generic driver. For optimal functionality, enable `SPI_FLASH_SUPPORT_BOYA_CHIP` in menuconfig[0m
[0;32mI (250) spi_flash: detected chip: generic[0m
[0;32mI (253) spi_flash: flash io: dio[0m
[0;33mW (256) spi_flash: Detected size(4096k) larger than the size in the binary image header(2048k). Using the size in the binary image header.[0m
[0;32mI (269) main_task: Started on CPU0[0m
[0;32mI (279) main_task: Calling app_main()[0m
Hello world!
This is esp32 chip with 2 CPU core(s), WiFi/BTBLE, silicon revision v3.1, 2MB external flash
Minimum free heap size: 304988 bytes
Restarting in 10 seconds...
Restarting in 9 seconds...
Restarting in 8 seconds...
Restarting in 7 seconds...
Restarting in 6 seconds...
Restarting in 5 seconds...
Restarting in 4 seconds...
Restarting in 3 seconds...
Restarting in 2 seconds...
Restarting in 1 seconds...
Restarting in 0 seconds...
Restarting now.
ets Jul 29 2019 12:21:46

rst:0xc (SW_CPU_RESET),boot:0x13 (SPI_FAST_FLASH_BOOT)
configsip: 0, SPIWP:0xee
clk_drv:0x00,q_drv:0x00,d_drv:0x00,cs0_drv:0x00,hd_drv:0x00,wp_drv:0x00
mode:DIO, clock div:2
load:0x3fff0030,len:6280
load:0x40078000,len:15864
load:0x40080400,len:3920
entry 0x40080644
[0;32mI (27) boot: ESP-IDF -128-NOTFOUND 2nd stage bootloader[0m
[0;32mI (27) boot: compile time Mar  3 2026 10:17:38[0m
[0;32mI (27) boot: Multicore bootloader[0m
[0;32mI (29) boot: chip revision: v3.1[0m
[0;32mI (32) boot.esp32: SPI Speed      : 40MHz[0m
[0;32mI (36) boot.esp32: SPI Mode       : DIO[0m
[0;32mI (39) boot.esp32: SPI Flash Size : 2MB[0m
[0;32mI (43) boot: Enabling RNG early entropy source...[0m
[0;32mI (47) boot: Partition Table:[0m
[0;32mI (50) boot: ## Label            Usage          Type ST Offset   Length[0m
[0;32mI (56) boot:  0 nvs              WiFi data        01 02 00009000 00006000[0m
[0;32mI (63) boot:  1 phy_init         RF data          01 01 0000f000 00001000[0m
[0;32mI (69) boot:  2 factory          factory app      00 00 00010000 00100000[0m
[0;32mI (76) boot: End of partition table[0m
[0;32mI (79) esp_image: segment 0: paddr=00010020 vaddr=3f400020 size=06be0h ( 27616) map[0m
[0;32mI (96) esp_image: segment 1: paddr=00016c08 vaddr=3ffb0000 size=02624h (  9764) load[0m
[0;32mI (100) esp_image: segment 2: paddr=00019234 vaddr=40080000 size=06de4h ( 28132) load[0m
[0;32mI (113) esp_image: segment 3: paddr=00020020 vaddr=400d0020 size=0b8e8h ( 47336) map[0m
[0;32mI (129) esp_image: segment 4: paddr=0002b910 vaddr=40086de4 size=05bc0h ( 23488) load[0m
[0;32mI (138) esp_image: segment 5: paddr=000314d8 vaddr=50000000 size=00020h (    32) load[0m
[0;32mI (145) boot: Loaded app from partition at offset 0x10000[0m
[0;32mI (145) boot: Disabling RNG early entropy source...[0m
[0;32mI (157) cpu_start: Multicore app[0m
[0;32mI (165) cpu_start: GPIO 3 and 1 are used as console UART I/O pins[0m
[0;32mI (165) cpu_start: Pro cpu start user code[0m
[0;32mI (165) cpu_start: cpu freq: 160000000 Hz[0m
[0;32mI (167) app_init: Application information:[0m
[0;32mI (171) app_init: Project name:     hello_world[0m
[0;32mI (175) app_init: App version:      1[0m
[0;32mI (179) app_init: Compile time:     Mar  3 2026 10:17:22[0m
[0;32mI (184) app_init: ELF file SHA256:  de478e363...[0m
[0;32mI (188) app_init: ESP-IDF:          -128-NOTFOUND[0m
[0;32mI (192) efuse_init: Min chip rev:     v0.0[0m
[0;32mI (196) efuse_init: Max chip rev:     v3.99 [0m
[0;32mI (200) efuse_init: Chip rev:         v3.1[0m
[0;32mI (204) heap_init: Initializing. RAM available for dynamic allocation:[0m
[0;32mI (211) heap_init: At 3FFAE6E0 len 00001920 (6 KiB): DRAM[0m
[0;32mI (215) heap_init: At 3FFB2E88 len 0002D178 (180 KiB): DRAM[0m
[0;32mI (221) heap_init: At 3FFE0440 len 00003AE0 (14 KiB): D/IRAM[0m
[0;32mI (226) heap_init: At 3FFE4350 len 0001BCB0 (111 KiB): D/IRAM[0m
[0;32mI (232) heap_init: At 4008C9A4 len 0001365C (77 KiB): IRAM[0m
[0;33mW (238) spi_flash: Detected boya flash chip but using generic driver. For optimal functionality, enable `SPI_FLASH_SUPPORT_BOYA_CHIP` in menuconfig[0m
[0;32mI (250) spi_flash: detected chip: generic[0m
[0;32mI (253) spi_flash: flash io: dio[0m
[0;33mW (256) spi_flash: Detected size(4096k) larger than the size in the binary image header(2048k). Using the size in the binary image header.[0m
[0;32mI (269) main_task: Started on CPU0[0m
[0;32mI (279) main_task: Calling app_main()[0m
Hello world!
This is esp32 chip with 2 CPU core(s), WiFi/BTBLE, silicon revision v3.1, 2MB external flash
Minimum free heap size: 304988 bytes
Restarting in 10 seconds...
Restarting in 9 seconds...
Restarting in 8 seconds...
Restarting in 7 seconds...
Restarting in 6 seconds...
Restarting in 5 seconds...
Restarting in 4 seconds...
Restarting in 3 seconds...
Restarting in 2 seconds...
Restarting in 1 seconds...
Restarting in 0 seconds...
Restarting now.
ets Jul 29 2019 12:21:46

rst:0xc (SW_CPU_RESET),boot:0x13 (SPI_FAST_FLASH_BOOT)
configsip: 0, SPIWP:0xee
clk_drv:0x00,q_drv:0x00,d_drv:0x00,cs0_drv:0x00,hd_drv:0x00,wp_drv:0x00
mode:DIO, clock div:2
load:0x3fff0030,len:6280
load:0x40078000,len:15864
load:0x40080400,len:3920
entry 0x40080644
[0;32mI (27) boot: ESP-IDF -128-NOTFOUND 2nd stage bootloader[0m
[0;32mI (27) boot: compile time Mar  3 2026 10:17:38[0m
[0;32mI (27) boot: Multicore bootloader[0m
[0;32mI (29) boot: chip revision: v3.1[0m
[0;32mI (32) boot.esp32: SPI Speed      : 40MHz[0m
[0;32mI (36) boot.esp32: SPI Mode       : DIO[0m
[0;32mI (39) boot.esp32: SPI Flash Size : 2MB[0m
[0;32mI (43) boot: Enabling RNG early entropy source...[0m
[0;32mI (47) boot: Partition Table:[0m
[0;32mI (50) boot: ## Label            Usage          Type ST Offset   Length[0m
[0;32mI (56) boot:  0 nvs              WiFi data        01 02 00009000 00006000[0m
[0;32mI (63) boot:  1 phy_init         RF data          01 01 0000f000 00001000[0m
[0;32mI (69) boot:  2 factory          factory app      00 00 00010000 00100000[0m
[0;32mI (76) boot: End of partition table[0m
[0;32mI (79) esp_image: segment 0: paddr=00010020 vaddr=3f400020 size=06be0h ( 27616) map[0m
[0;32mI (96) esp_image: segment 1: paddr=00016c08 vaddr=3ffb0000 size=02624h (  9764) load[0m
[0;32mI (100) esp_image: segment 2: paddr=00019234 vaddr=40080000 size=06de4h ( 28132) load[0m
[0;32mI (113) esp_image: segment 3: paddr=00020020 vaddr=400d0020 size=0b8e8h ( 47336) map[0m
[0;32mI (129) esp_image: segment 4: paddr=0002b910 vaddr=40086de4 size=05bc0h ( 23488) load[0m
[0;32mI (138) esp_image: segment 5: paddr=000314d8 vaddr=50000000 size=00020h (    32) load[0m
[0;32mI (145) boot: Loaded app from partition at offset 0x10000[0m
[0;32mI (145) boot: Disabling RNG early entropy source...[0m
[0;32mI (157) cpu_start: Multicore app[0m
[0;32mI (165) cpu_start: GPIO 3 and 1 are used as console UART I/O pins[0m
[0;32mI (165) cpu_start: Pro cpu start user code[0m
[0;32mI (165) cpu_start: cpu freq: 160000000 Hz[0m
I (167) app_init: Application information:
[0;32mI (171) app_init: Project name:     hello_world[0m
[0;32mI (175) app_init: App version:      1[0m
[0;32mI (179) app_init: Compile time:     Mar  3 2026 10:17:22[0m
[0;32mI (184) app_init: ELF file SHA256:  de478e363...[0m
[0;32mI (188) app_init: ESP-IDF:          -128-NOTFOUND[0m
[0;32mI (192) efuse_init: Min chip rev:     v0.0[0m
[0;32mI (196) efuse_init: Max chip rev:     v3.99 [0m
[0;32mI (200) efuse_init: Chip rev:         v3.1[0m
[0;32mI (204) heap_init: Initializing. RAM available for dynamic allocation:[0m
[0;32mI (211) heap_init: At 3FFAE6E0 len 00001920 (6 KiB): DRAM[0m
[0;32mI (215) heap_init: At 3FFB2E88 len 0002D178 (180 KiB): DRAM[0m
[0;32mI (221) heap_init: At 3FFE0440 len 00003AE0 (14 KiB): D/IRAM[0m
[0;32mI (226) heap_init: At 3FFE4350 len 0001BCB0 (111 KiB): D/IRAM[0m
[0;32mI (232) heap_init: At 4008C9A4 len 0001365C (77 KiB): IRAM[0m
[0;33mW (238) spi_flash: Detected boya flash chip but using generic driver. For optimal functionality, enable `SPI_FLASH_SUPPORT_BOYA_CHIP` in menuconfig[0m
[0;32mI (250) spi_flash: detected chip: generic[0m
[0;32mI (253) spi_flash: flash io: dio[0m
[0;33mW (256) spi_flash: Detected size(4096k) larger than the size in the binary image header(2048k). Using the size in the binary image header.[0m
[0;32mI (269) main_task: Started on CPU0[0m
[0;32mI (279) main_task: Calling app_main()[0m
Hello world!
This is esp32 chip with 2 CPU core(s), WiFi/BTBLE, silicon revision v3.1, 2MB external flash
Minimum free heap size: 304988 bytes
Restarting in 10 seconds...
Restarting in 9 seconds...
Restarting in 8 seconds...
Restarting in 7 seconds...
Restarting in 6 seconds...
Restarting in 5 seconds...
Restarting in 4 seconds...
Restarting in 3 seconds...
Restarting in 2 seconds...
Restarting in 1 seconds...
Restarting in 0 seconds...
Restarting now.
ets Jul 29 2019 12:21:46

rst:0xc (SW_CPU_RESET),boot:0x13 (SPI_FAST_FLASH_BOOT)
configsip: 0, SPIWP:0xee
clk_drv:0x00,q_drv:0x00,d_drv:0x00,cs0_drv:0x00,hd_drv:0x00,wp_drv:0x00
mode:DIO, clock div:2
load:0x3fff0030,len:6280
load:0x40078000,len:15864
load:0x40080400,len:3920
entry 0x40080644
[0;32mI (27) boot: ESP-IDF -128-NOTFOUND 2nd stage bootloader[0m
[0;32mI (27) boot: compile time Mar  3 2026 10:17:38[0m
[0;32mI (27) boot: Multicore bootloader[0m
[0;32mI (29) boot: chip revision: v3.1[0m
[0;32mI (32) boot.esp32: SPI Speed      : 40MHz[0m
[0;32mI (36) boot.esp32: SPI Mode       : DIO[0m
[0;32mI (39) boot.esp32: SPI Flash Size : 2MB[0m
[0;32mI (43) boot: Enabling RNG early entropy source...[0m
[0;32mI (47) boot: Partition Table:[0m
[0;32mI (50) boot: ## Label            Usage          Type ST Offset   Length[0m
[0;32mI (56) boot:  0 nvs              WiFi data        01 02 00009000 00006000[0m
[0;32mI (63) boot:  1 phy_init         RF data          01 01 0000f000 00001000[0m
[0;32mI (69) boot:  2 factory          factory app      00 00 00010000 00100000[0m
[0;32mI (76) boot: End of partition table[0m
[0;32mI (79) esp_image: segment 0: paddr=00010020 vaddr=3f400020 size=06be0h ( 27616) map[0m
[0;32mI (96) esp_image: segment 1: paddr=00016c08 vaddr=3ffb0000 size=02624h (  9764) load[0m
[0;32mI (100) esp_image: segment 2: paddr=00019234 vaddr=40080000 size=06de4h ( 28132) load[0m
[0;32mI (113) esp_image: segment 3: paddr=00020020 vaddr=400d0020 size=0b8e8h ( 47336) map[0m
[0;32mI (129) esp_image: segment 4: paddr=0002b910 vaddr=40086de4 size=05bc0h ( 23488) load[0m
[0;32mI (138) esp_image: segment 5: paddr=000314d8 vaddr=50000000 size=00020h (    32) load[0m
[0;32mI (145) boot: Loaded app from partition at offset 0x10000[0m
[0;32mI (145) boot: Disabling RNG early entropy source...[0m
[0;32mI (157) cpu_start: Multicore app[0m
[0;32mI (165) cpu_start: GPIO 3 and 1 are used as console UART I/O pins[0m
[0;32mI (165) cpu_start: Pro cpu start user code[0m
[0;32mI (165) cpu_start: cpu freq: 160000000 Hz[0m
I (167) app_init: Application information:
[0;32mI (171) app_init: Project name:     hello_world[0m
[0;32mI (175) app_init: App version:      1[0m
[0;32mI (179) app_init: Compile time:     Mar  3 2026 10:17:22[0m
[0;32mI (184) app_init: ELF file SHA256:  de478e363...[0m
[0;32mI (188) app_init: ESP-IDF:          -128-NOTFOUND[0m
[0;32mI (192) efuse_init: Min chip rev:     v0.0[0m
[0;32mI (196) efuse_init: Max chip rev:     v3.99 [0m
[0;32mI (200) efuse_init: Chip rev:         v3.1[0m
[0;32mI (204) heap_init: Initializing. RAM available for dynamic allocation:[0m
[0;32mI (211) heap_init: At 3FFAE6E0 len 00001920 (6 KiB): DRAM[0m
[0;32mI (215) heap_init: At 3FFB2E88 len 0002D178 (180 KiB): DRAM[0m
[0;32mI (221) heap_init: At 3FFE0440 len 00003AE0 (14 KiB): D/IRAM[0m
[0;32mI (226) heap_init: At 3FFE4350 len 0001BCB0 (111 KiB): D/IRAM[0m
[0;32mI (232) heap_init: At 4008C9A4 len 0001365C (77 KiB): IRAM[0m
[0;33mW (238) spi_flash: Detected boya flash chip but using generic driver. For optimal functionality, enable `SPI_FLASH_SUPPORT_BOYA_CHIP` in menuconfig[0m
[0;32mI (250) spi_flash: detected chip: generic[0m
[0;32mI (253) spi_flash: flash io: dio[0m
[0;33mW (256) spi_flash: Detected size(4096k) larger than the size in the binary image header(2048k). Using the size in the binary image header.[0m
[0;32mI (269) main_task: Started on CPU0[0m
[0;32mI (279) main_task: Calling app_main()[0m
Hello world!
This is esp32 chip with 2 CPU core(s), WiFi/BTBLE, silicon revision v3.1, 2MB external flash
Minimum free heap size: 304988 bytes
Restarting in 10 seconds...
Restarting in 9 seconds...
Restarting in 8 seconds...
Restarting in 7 seconds...
Restarting in 6 seconds...
Restarting in 5 seconds...
Restarting in 4 seconds...
Restarting in 3 seconds...
Restarting in 2 seconds...
Restarting in 1 seconds...
Restarting in 0 seconds...
Restarting now.
ets Jul 29 2019 12:21:46

rst:0xc (SW_CPU_RESET),boot:0x13 (SPI_FAST_FLASH_BOOT)
configsip: 0, SPIWP:0xee
clk_drv:0x00,q_drv:0x00,d_drv:0x00,cs0_drv:0x00,hd_drv:0x00,wp_drv:0x00
mode:DIO, clock div:2
load:0x3fff0030,len:6280
load:0x40078000,len:15864
load:0x40080400,len:3920
entry 0x40080644
[0;32mI (27) boot: ESP-IDF -128-NOTFOUND 2nd stage bootloader[0m
[0;32mI (27) boot: compile time Mar  3 2026 10:17:38[0m
[0;32mI (27) boot: Multicore bootloader[0m
[0;32mI (29) boot: chip revision: v3.1[0m
[0;32mI (32) boot.esp32: SPI Speed      : 40MHz[0m
[0;32mI (36) boot.esp32: SPI Mode       : DIO[0m
[0;32mI (39) boot.esp32: SPI Flash Size : 2MB[0m
[0;32mI (43) boot: Enabling RNG early entropy source...[0m
[0;32mI (47) boot: Partition Table:[0m
[0;32mI (50) boot: ## Label            Usage          Type ST Offset   Length[0m
[0;32mI (56) boot:  0 nvs              WiFi data        01 02 00009000 00006000[0m
[0;32mI (63) boot:  1 phy_init         RF data          01 01 0000f000 00001000[0m
[0;32mI (69) boot:  2 factory          factory app      00 00 00010000 00100000[0m
[0;32mI (76) boot: End of partition table[0m
[0;32mI (79) esp_image: segment 0: paddr=00010020 vaddr=3f400020 size=06be0h ( 27616) map[0m
[0;32mI (96) esp_image: segment 1: paddr=00016c08 vaddr=3ffb0000 size=02624h (  9764) load[0m
[0;32mI (100) esp_image: segment 2: paddr=00019234 vaddr=40080000 size=06de4h ( 28132) load[0m
[0;32mI (113) esp_image: segment 3: paddr=00020020 vaddr=400d0020 size=0b8e8h ( 47336) map[0m
[0;32mI (129) esp_image: segment 4: paddr=0002b910 vaddr=40086de4 size=05bc0h ( 23488) load[0m
[0;32mI (138) esp_image: segment 5: paddr=000314d8 vaddr=50000000 size=00020h (    32) load[0m
[0;32mI (145) boot: Loaded app from partition at offset 0x10000[0m
[0;32mI (145) boot: Disabling RNG early entropy source...[0m
[0;32mI (157) cpu_start: Multicore app[0m
[0;32mI (165) cpu_start: GPIO 3 and 1 are used as console UART I/O pins[0m
[0;32mI (165) cpu_start: Pro cpu start user code[0m
[0;32mI (165) cpu_start: cpu freq: 160000000 Hz[0m
[0;32mI (167) app_init: Application information:[0m
[0;32mI (171) app_init: Project name:     hello_world[0m
[0;32mI (175) app_init: App version:      1[0m
[0;32mI (179) app_init: Compile time:     Mar  3 2026 10:17:22[0m
[0;32mI (184) app_init: ELF file SHA256:  de478e363...[0m
[0;32mI (188) app_init: ESP-IDF:          -128-NOTFOUND[0m
[0;32mI (192) efuse_init: Min chip rev:     v0.0[0m
[0;32mI (196) efuse_init: Max chip rev:     v3.99 [0m
[0;32mI (200) efuse_init: Chip rev:         v3.1[0m
[0;32mI (204) heap_init: Initializing. RAM available for dynamic allocation:[0m
[0;32mI (211) heap_init: At 3FFAE6E0 len 00001920 (6 KiB): DRAM[0m
[0;32mI (215) heap_init: At 3FFB2E88 len 0002D178 (180 KiB): DRAM[0m
[0;32mI (221) heap_init: At 3FFE0440 len 00003AE0 (14 KiB): D/IRAM[0m
[0;32mI (226) heap_init: At 3FFE4350 len 0001BCB0 (111 KiB): D/IRAM[0m
[0;32mI (232) heap_init: At 4008C9A4 len 0001365C (77 KiB): IRAM[0m
[0;33mW (238) spi_flash: Detected boya flash chip but using generic driver. For optimal functionality, enable `SPI_FLASH_SUPPORT_BOYA_CHIP` in menuconfig[0m
[0;32mI (250) spi_flash: detected chip: generic[0m
[0;32mI (253) spi_flash: flash io: dio[0m
[0;33mW (256) spi_flash: Detected size(4096k) larger than the size in the binary image header(2048k). Using the size in the binary image header.[0m
[0;32mI (269) main_task: Started on CPU0[0m
[0;32mI (279) main_task: Calling app_main()[0m
Hello world!
This is esp32 chip with 2 CPU core(s), WiFi/BTBLE, silicon revision v3.1, 2MB external flash
Minimum free heap size: 304988 bytes
Restarting in 10 seconds...
Restarting in 9 seconds...
Restarting in 8 seconds...
Restarting in 7 seconds...
Restarting in 6 seconds...
Restarting in 5 seconds...
Restarting in 4 seconds...
Restarting in 3 seconds...
Restarting in 2 seconds...
Restarting in 1 seconds...
Restarting in 0 seconds...
Restarting now.
ets Jul 29 2019 12:21:46

rst:0xc (SW_CPU_RESET),boot:0x13 (SPI_FAST_FLASH_BOOT)
configsip: 0, SPIWP:0xee
clk_drv:0x00,q_drv:0x00,d_drv:0x00,cs0_drv:0x00,hd_drv:0x00,wp_drv:0x00
mode:DIO, clock div:2
load:0x3fff0030,len:6280
load:0x40078000,len:15864
load:0x40080400,len:3920
entry 0x40080644
[0;32mI (27) boot: ESP-IDF -128-NOTFOUND 2nd stage bootloader[0m
[0;32mI (27) boot: compile time Mar  3 2026 10:17:38[0m
[0;32mI (27) boot: Multicore bootloader[0m
[0;32mI (29) boot: chip revision: v3.1[0m
[0;32mI (32) boot.esp32: SPI Speed      : 40MHz[0m
[0;32mI (36) boot.esp32: SPI Mode       : DIO[0m
[0;32mI (39) boot.esp32: SPI Flash Size : 2MB[0m
[0;32mI (43) boot: Enabling RNG early entropy source...[0m
[0;32mI (47) boot: Partition Table:[0m
[0;32mI (50) boot: ## Label            Usage          Type ST Offset   Length[0m
[0;32mI (56) boot:  0 nvs              WiFi data        01 02 00009000 00006000[0m
[0;32mI (63) boot:  1 phy_init         RF data          01 01 0000f000 00001000[0m
[0;32mI (69) boot:  2 factory          factory app      00 00 00010000 00100000[0m
[0;32mI (76) boot: End of partition table[0m
[0;32mI (79) esp_image: segment 0: paddr=00010020 vaddr=3f400020 size=06be0h ( 27616) map[0m
[0;32mI (96) esp_image: segment 1: paddr=00016c08 vaddr=3ffb0000 size=02624h (  9764) load[0m
[0;32mI (100) esp_image: segment 2: paddr=00019234 vaddr=40080000 size=06de4h ( 28132) load[0m
[0;32mI (113) esp_image: segment 3: paddr=00020020 vaddr=400d0020 size=0b8e8h ( 47336) map[0m
[0;32mI (129) esp_image: segment 4: paddr=0002b910 vaddr=40086de4 size=05bc0h ( 23488) load[0m
[0;32mI (138) esp_image: segment 5: paddr=000314d8 vaddr=50000000 size=00020h (    32) load[0m
[0;32mI (145) boot: Loaded app from partition at offset 0x10000[0m
[0;32mI (145) boot: Disabling RNG early entropy source...[0m
[0;32mI (157) cpu_start: Multicore app[0m
[0;32mI (165) cpu_start: GPIO 3 and 1 are used as console UART I/O pins[0m
[0;32mI (165) cpu_start: Pro cpu start user code[0m
[0;32mI (165) cpu_start: cpu freq: 160000000 Hz[0m
[0;32mI (167) app_init: Application information:[0m
[0;32mI (171) app_init: Project name:     hello_world[0m
[0;32mI (175) app_init: App version:      1[0m
[0;32mI (179) app_init: Compile time:     Mar  3 2026 10:17:22[0m
[0;32mI (184) app_init: ELF file SHA256:  de478e363...[0m
[0;32mI (188) app_init: ESP-IDF:          -128-NOTFOUND[0m
[0;32mI (192) efuse_init: Min chip rev:     v0.0[0m
[0;32mI (196) efuse_init: Max chip rev:     v3.99 [0m
[0;32mI (200) efuse_init: Chip rev:         v3.1[0m
[0;32mI (204) heap_init: Initializing. RAM available for dynamic allocation:[0m
[0;32mI (211) heap_init: At 3FFAE6E0 len 00001920 (6 KiB): DRAM[0m
[0;32mI (215) heap_init: At 3FFB2E88 len 0002D178 (180 KiB): DRAM[0m
[0;32mI (221) heap_init: At 3FFE0440 len 00003AE0 (14 KiB): D/IRAM[0m
[0;32mI (226) heap_init: At 3FFE4350 len 0001BCB0 (111 KiB): D/IRAM[0m
[0;32mI (232) heap_init: At 4008C9A4 len 0001365C (77 KiB): IRAM[0m
[0;33mW (238) spi_flash: Detected boya flash chip but using generic driver. For optimal functionality, enable `SPI_FLASH_SUPPORT_BOYA_CHIP` in menuconfig[0m
[0;32mI (250) spi_flash: detected chip: generic[0m
[0;32mI (253) spi_flash: flash io: dio[0m
[0;33mW (256) spi_flash: Detected size(4096k) larger than the size in the binary image header(2048k). Using the size in the binary image header.[0m
[0;32mI (269) main_task: Started on CPU0[0m
[0;32mI (279) main_task: Calling app_main()[0m
Hello world!
This is esp32 chip with 2 CPU core(s), WiFi/BTBLE, silicon revision v3.1, 2MB external flash
Minimum free heap size: 304988 bytes
Restarting in 10 seconds...
Restarting in 9 seconds...
Restarting in 8 seconds...
Restarting in 7 seconds...
Restarting in 6 seconds...
Restarting in 5 seconds...
Restarting in 4 seconds...
Restarting in 3 seconds...
Restarting in 2 seconds...
Restarting in 1 seconds...
Restarting in 0 seconds...
Restarting now.
ets Jul 29 2019 12:21:46

rst:0xc (SW_CPU_RESET),boot:0x13 (SPI_FAST_FLASH_BOOT)
configsip: 0, SPIWP:0xee
clk_drv:0x00,q_drv:0x00,d_drv:0x00,cs0_drv:0x00,hd_drv:0x00,wp_drv:0x00
mode:DIO, clock div:2
load:0x3fff0030,len:6280
load:0x40078000,len:15864
load:0x40080400,len:3920
entry 0x40080644
[0;32mI (27) boot: ESP-IDF -128-NOTFOUND 2nd stage bootloader[0m
[0;32mI (27) boot: compile time Mar  3 2026 10:17:38[0m
[0;32mI (27) boot: Multicore bootloader[0m
[0;32mI (29) boot: chip revision: v3.1[0m
[0;32mI (32) boot.esp32: SPI Speed      : 40MHz[0m
[0;32mI (36) boot.esp32: SPI Mode       : DIO[0m
[0;32mI (39) boot.esp32: SPI Flash Size : 2MB[0m
[0;32mI (43) boot: Enabling RNG early entropy source...[0m
[0;32mI (47) boot: Partition Table:[0m
[0;32mI (50) boot: ## Label            Usage          Type ST Offset   Length[0m
[0;32mI (56) boot:  0 nvs              WiFi data        01 02 00009000 00006000[0m
[0;32mI (63) boot:  1 phy_init         RF data          01 01 0000f000 00001000[0m
[0;32mI (69) boot:  2 factory          factory app      00 00 00010000 00100000[0m
[0;32mI (76) boot: End of partition table[0m
[0;32mI (79) esp_image: segment 0: paddr=00010020 vaddr=3f400020 size=06be0h ( 27616) map[0m
[0;32mI (96) esp_image: segment 1: paddr=00016c08 vaddr=3ffb0000 size=02624h (  9764) load[0m
[0;32mI (100) esp_image: segment 2: paddr=00019234 vaddr=40080000 size=06de4h ( 28132) load[0m
[0;32mI (113) esp_image: segment 3: paddr=00020020 vaddr=400d0020 size=0b8e8h ( 47336) map[0m
[0;32mI (129) esp_image: segment 4: paddr=0002b910 vaddr=40086de4 size=05bc0h ( 23488) load[0m
[0;32mI (138) esp_image: segment 5: paddr=000314d8 vaddr=50000000 size=00020h (    32) load[0m
[0;32mI (145) boot: Loaded app from partition at offset 0x10000[0m
[0;32mI (145) boot: Disabling RNG early entropy source...[0m
[0;32mI (157) cpu_start: Multicore app[0m
[0;32mI (165) cpu_start: GPIO 3 and 1 are used as console UART I/O pins[0m
[0;32mI (165) cpu_start: Pro cpu start user code[0m
[0;32mI (165) cpu_start: cpu freq: 160000000 Hz[0m
[0;32mI (167) app_init: Application information:[0m
[0;32mI (171) app_init: Project name:     hello_world[0m
[0;32mI (175) app_init: App version:      1[0m
[0;32mI (179) app_init: Compile time:     Mar  3 2026 10:17:22[0m
[0;32mI (184) app_init: ELF file SHA256:  de478e363...[0m
[0;32mI (188) app_init: ESP-IDF:          -128-NOTFOUND[0m
[0;32mI (192) efuse_init: Min chip rev:     v0.0[0m
[0;32mI (196) efuse_init: Max chip rev:     v3.99 [0m
[0;32mI (200) efuse_init: Chip rev:         v3.1[0m
[0;32mI (204) heap_init: Initializing. RAM available for dynamic allocation:[0m
[0;32mI (211) heap_init: At 3FFAE6E0 len 00001920 (6 KiB): DRAM[0m
[0;32mI (215) heap_init: At 3FFB2E88 len 0002D178 (180 KiB): DRAM[0m
[0;32mI (221) heap_init: At 3FFE0440 len 00003AE0 (14 KiB): D/IRAM[0m
[0;32mI (226) heap_init: At 3FFE4350 len 0001BCB0 (111 KiB): D/IRAM[0m
[0;32mI (232) heap_init: At 4008C9A4 len 0001365C (77 KiB): IRAM[0m
[0;33mW (238) spi_flash: Detected boya flash chip but using generic driver. For optimal functionality, enable `SPI_FLASH_SUPPORT_BOYA_CHIP` in menuconfig[0m
[0;32mI (250) spi_flash: detected chip: generic[0m
[0;32mI (253) spi_flash: flash io: dio[0m
[0;33mW (256) spi_flash: Detected size(4096k) larger than the size in the binary image header(2048k). Using the size in the binary image header.[0m
[0;32mI (269) main_task: Started on CPU0[0m
[0;32mI (279) main_task: Calling app_main()[0m
Hello world!
This is esp32 chip with 2 CPU core(s), WiFi/BTBLE, silicon revision v3.1, 2MB external flash
Minimum free heap size: 304988 bytes
Restarting in 10 seconds...
Restarting in 9 seconds...
Restarting in 8 seconds...
Restarting in 7 seconds...
Restarting in 6 seconds...
Restarting in 5 seconds...
Restarting in 4 seconds...
Restarting in 3 seconds...
Restarting in 2 seconds...
Restarting in 1 seconds...
Restarting in 0 seconds...
Restarting now.
ets Jul 29 2019 12:21:46

rst:0xc (SW_CPU_RESET),boot:0x13 (SPI_FAST_FLASH_BOOT)
configsip: 0, SPIWP:0xee
clk_drv:0x00,q_drv:0x00,d_drv:0x00,cs0_drv:0x00,hd_drv:0x00,wp_drv:0x00
mode:DIO, clock div:2
load:0x3fff0030,len:6280
load:0x40078000,len:15864
load:0x40080400,len:3920
entry 0x40080644
[0;32mI (27) boot: ESP-IDF -128-NOTFOUND 2nd stage bootloader[0m
[0;32mI (27) boot: compile time Mar  3 2026 10:17:38[0m
[0;32mI (27) boot: Multicore bootloader[0m
[0;32mI (29) boot: chip revision: v3.1[0m
[0;32mI (32) boot.esp32: SPI Speed      : 40MHz[0m
[0;32mI (36) boot.esp32: SPI Mode       : DIO[0m
[0;32mI (39) boot.esp32: SPI Flash Size : 2MB[0m
[0;32mI (43) boot: Enabling RNG early entropy source...[0m
[0;32mI (47) boot: Partition Table:[0m
[0;32mI (50) boot: ## Label            Usage          Type ST Offset   Length[0m
[0;32mI (56) boot:  0 nvs              WiFi data        01 02 00009000 00006000[0m
[0;32mI (63) boot:  1 phy_init         RF data          01 01 0000f000 00001000[0m
[0;32mI (69) boot:  2 factory          factory app      00 00 00010000 00100000[0m
[0;32mI (76) boot: End of partition table[0m
[0;32mI (79) esp_image: segment 0: paddr=00010020 vaddr=3f400020 size=06be0h ( 27616) map[0m
[0;32mI (96) esp_image: segment 1: paddr=00016c08 vaddr=3ffb0000 size=02624h (  9764) load[0m
[0;32mI (100) esp_image: segment 2: paddr=00019234 vaddr=40080000 size=06de4h ( 28132) load[0m
[0;32mI (113) esp_image: segment 3: paddr=00020020 vaddr=400d0020 size=0b8e8h ( 47336) map[0m
[0;32mI (129) esp_image: segment 4: paddr=0002b910 vaddr=40086de4 size=05bc0h ( 23488) load[0m
[0;32mI (138) esp_image: segment 5: paddr=000314d8 vaddr=50000000 size=00020h (    32) load[0m
[0;32mI (145) boot: Loaded app from partition at offset 0x10000[0m
[0;32mI (145) boot: Disabling RNG early entropy source...[0m
[0;32mI (157) cpu_start: Multicore app[0m
[0;32mI (165) cpu_start: GPIO 3 and 1 are used as console UART I/O pins[0m
[0;32mI (165) cpu_start: Pro cpu start user code[0m
[0;32mI (165) cpu_start: cpu freq: 160000000 Hz[0m
[0;32mI (167) app_init: Application information:[0m
[0;32mI (171) app_init: Project name:     hello_world[0m
[0;32mI (175) app_init: App version:      1[0m
[0;32mI (179) app_init: Compile time:     Mar  3 2026 10:17:22[0m
[0;32mI (184) app_init: ELF file SHA256:  de478e363...[0m
[0;32mI (188) app_init: ESP-IDF:          -128-NOTFOUND[0m
[0;32mI (192) efuse_init: Min chip rev:     v0.0[0m
[0;32mI (196) efuse_init: Max chip rev:     v3.99 [0m
[0;32mI (200) efuse_init: Chip rev:         v3.1[0m
[0;32mI (204) heap_init: Initializing. RAM available for dynamic allocation:[0m
[0;32mI (211) heap_init: At 3FFAE6E0 len 00001920 (6 KiB): DRAM[0m
[0;32mI (215) heap_init: At 3FFB2E88 len 0002D178 (180 KiB): DRAM[0m
[0;32mI (221) heap_init: At 3FFE0440 len 00003AE0 (14 KiB): D/IRAM[0m
[0;32mI (226) heap_init: At 3FFE4350 len 0001BCB0 (111 KiB): D/IRAM[0m
[0;32mI (232) heap_init: At 4008C9A4 len 0001365C (77 KiB): IRAM[0m
[0;33mW (238) spi_flash: Detected boya flash chip but using generic driver. For optimal functionality, enable `SPI_FLASH_SUPPORT_BOYA_CHIP` in menuconfig[0m
[0;32mI (250) spi_flash: detected chip: generic[0m
[0;32mI (253) spi_flash: flash io: dio[0m
[0;33mW (256) spi_flash: Detected size(4096k) larger than the size in the binary image header(2048k). Using the size in the binary image header.[0m
[0;32mI (269) main_task: Started on CPU0[0m
[0;32mI (279) main_task: Calling app_main()[0m
Hello world!
This is esp32 chip with 2 CPU core(s), WiFi/BTBLE, silicon revision v3.1, 2MB external flash
Minimum free heap size: 304988 bytes
Restarting in 10 seconds...
Restarting in 9 seconds...
Restarting in 8 seconds...
Restarting in 7 seconds...
Restarting in 6 seconds...
Restarting in 5 seconds...
Restarting in 4 seconds...
Restarting in 3 seconds...
Restarting in 2 seconds...
Restarting in 1 seconds...
Restarting in 0 seconds...
Restarting now.
ets Jul 29 2019 12:21:46

rst:0xc (SW_CPU_RESET),boot:0x13 (SPI_FAST_FLASH_BOOT)
configsip: 0, SPIWP:0xee
clk_drv:0x00,q_drv:0x00,d_drv:0x00,cs0_drv:0x00,hd_drv:0x00,wp_drv:0x00
mode:DIO, clock div:2
load:0x3fff0030,len:6280
load:0x40078000,len:15864
load:0x40080400,len:3920
entry 0x40080644
[0;32mI (27) boot: ESP-IDF -128-NOTFOUND 2nd stage bootloader[0m
[0;32mI (27) boot: compile time Mar  3 2026 10:17:38[0m
[0;32mI (27) boot: Multicore bootloader[0m
[0;32mI (29) boot: chip revision: v3.1[0m
[0;32mI (32) boot.esp32: SPI Speed      : 40MHz[0m
[0;32mI (36) boot.esp32: SPI Mode       : DIO[0m
[0;32mI (39) boot.esp32: SPI Flash Size : 2MB[0m
[0;32mI (43) boot: Enabling RNG early entropy source...[0m
[0;32mI (47) boot: Partition Table:[0m
[0;32mI (50) boot: ## Label            Usage          Type ST Offset   Length[0m
[0;32mI (56) boot:  0 nvs              WiFi data        01 02 00009000 00006000[0m
[0;32mI (63) boot:  1 phy_init         RF data          01 01 0000f000 00001000[0m
[0;32mI (69) boot:  2 factory          factory app      00 00 00010000 00100000[0m
[0;32mI (76) boot: End of partition table[0m
[0;32mI (79) esp_image: segment 0: paddr=00010020 vaddr=3f400020 size=06be0h ( 27616) map[0m
[0;32mI (96) esp_image: segment 1: paddr=00016c08 vaddr=3ffb0000 size=02624h (  9764) load[0m
[0;32mI (100) esp_image: segment 2: paddr=00019234 vaddr=40080000 size=06de4h ( 28132) load[0m
[0;32mI (113) esp_image: segment 3: paddr=00020020 vaddr=400d0020 size=0b8e8h ( 47336) map[0m
[0;32mI (129) esp_image: segment 4: paddr=0002b910 vaddr=40086de4 size=05bc0h ( 23488) load[0m
[0;32mI (138) esp_image: segment 5: paddr=000314d8 vaddr=50000000 size=00020h (    32) load[0m
[0;32mI (145) boot: Loaded app from partition at offset 0x10000[0m
[0;32mI (145) boot: Disabling RNG early entropy source...[0m
[0;32mI (157) cpu_start: Multicore app[0m
[0;32mI (165) cpu_start: GPIO 3 and 1 are used as console UART I/O pins[0m
[0;32mI (165) cpu_start: Pro cpu start user code[0m
[0;32mI (165) cpu_start: cpu freq: 160000000 Hz[0m
I (167) app_init: Application information:
[0;32mI (171) app_init: Project name:     hello_world[0m
[0;32mI (175) app_init: App version:      1[0m
[0;32mI (179) app_init: Compile time:     Mar  3 2026 10:17:22[0m
[0;32mI (184) app_init: ELF file SHA256:  de478e363...[0m
[0;32mI (188) app_init: ESP-IDF:          -128-NOTFOUND[0m
[0;32mI (192) efuse_init: Min chip rev:     v0.0[0m
[0;32mI (196) efuse_init: Max chip rev:     v3.99 [0m
[0;32mI (200) efuse_init: Chip rev:         v3.1[0m
[0;32mI (204) heap_init: Initializing. RAM available for dynamic allocation:[0m
[0;32mI (211) heap_init: At 3FFAE6E0 len 00001920 (6 KiB): DRAM[0m
[0;32mI (215) heap_init: At 3FFB2E88 len 0002D178 (180 KiB): DRAM[0m
[0;32mI (221) heap_init: At 3FFE0440 len 00003AE0 (14 KiB): D/IRAM[0m
[0;32mI (226) heap_init: At 3FFE4350 len 0001BCB0 (111 KiB): D/IRAM[0m
[0;32mI (232) heap_init: At 4008C9A4 len 0001365C (77 KiB): IRAM[0m
[0;33mW (238) spi_flash: Detected boya flash chip but using generic driver. For optimal functionality, enable `SPI_FLASH_SUPPORT_BOYA_CHIP` in menuconfig[0m
[0;32mI (250) spi_flash: detected chip: generic[0m
[0;32mI (253) spi_flash: flash io: dio[0m
[0;33mW (256) spi_flash: Detected size(4096k) larger than the size in the binary image header(2048k). Using the size in the binary image header.[0m
[0;32mI (269) main_task: Started on CPU0[0m
[0;32mI (279) main_task: Calling app_main()[0m
Hello world!
This is esp32 chip with 2 CPU core(s), WiFi/BTBLE, silicon revision v3.1, 2MB external flash
Minimum free heap size: 304988 bytes
Restarting in 10 seconds...
Restarting in 9 seconds...
Restarting in 8 seconds...
Restarting in 7 seconds...
Restarting in 6 seconds...
Restarting in 5 seconds...
Restarting in 4 seconds...
Restarting in 3 seconds...
Restarting in 2 seconds...
Restarting in 1 seconds...
Restarting in 0 seconds...
Restarting now.
ets Jul 29 2019 12:21:46

rst:0xc (SW_CPU_RESET),boot:0x13 (SPI_FAST_FLASH_BOOT)
configsip: 0, SPIWP:0xee
clk_drv:0x00,q_drv:0x00,d_drv:0x00,cs0_drv:0x00,hd_drv:0x00,wp_drv:0x00
mode:DIO, clock div:2
load:0x3fff0030,len:6280
load:0x40078000,len:15864
load:0x40080400,len:3920
entry 0x40080644
[0;32mI (27) boot: ESP-IDF -128-NOTFOUND 2nd stage bootloader[0m
[0;32mI (27) boot: compile time Mar  3 2026 10:17:38[0m
[0;32mI (27) boot: Multicore bootloader[0m
[0;32mI (29) boot: chip revision: v3.1[0m
[0;32mI (32) boot.esp32: SPI Speed      : 40MHz[0m
[0;32mI (36) boot.esp32: SPI Mode       : DIO[0m
[0;32mI (39) boot.esp32: SPI Flash Size : 2MB[0m
[0;32mI (43) boot: Enabling RNG early entropy source...[0m
[0;32mI (47) boot: Partition Table:[0m
[0;32mI (50) boot: ## Label            Usage          Type ST Offset   Length[0m
[0;32mI (56) boot:  0 nvs              WiFi data        01 02 00009000 00006000[0m
[0;32mI (63) boot:  1 phy_init         RF data          01 01 0000f000 00001000[0m
[0;32mI (69) boot:  2 factory          factory app      00 00 00010000 00100000[0m
[0;32mI (76) boot: End of partition table[0m
[0;32mI (79) esp_image: segment 0: paddr=00010020 vaddr=3f400020 size=06be0h ( 27616) map[0m
[0;32mI (96) esp_image: segment 1: paddr=00016c08 vaddr=3ffb0000 size=02624h (  9764) load[0m
[0;32mI (100) esp_image: segment 2: paddr=00019234 vaddr=40080000 size=06de4h ( 28132) load[0m
[0;32mI (113) esp_image: segment 3: paddr=00020020 vaddr=400d0020 size=0b8e8h ( 47336) map[0m
[0;32mI (129) esp_image: segment 4: paddr=0002b910 vaddr=40086de4 size=05bc0h ( 23488) load[0m
[0;32mI (138) esp_image: segment 5: paddr=000314d8 vaddr=50000000 size=00020h (    32) load[0m
[0;32mI (145) boot: Loaded app from partition at offset 0x10000[0m
[0;32mI (145) boot: Disabling RNG early entropy source...[0m
[0;32mI (157) cpu_start: Multicore app[0m
[0;32mI (165) cpu_start: GPIO 3 and 1 are used as console UART I/O pins[0m
[0;32mI (165) cpu_start: Pro cpu start user code[0m
[0;32mI (165) cpu_start: cpu freq: 160000000 Hz[0m
[0;32mI (167) app_init: Application information:[0m
[0;32mI (171) app_init: Project name:     hello_world[0m
[0;32mI (175) app_init: App version:      1[0m
[0;32mI (179) app_init: Compile time:     Mar  3 2026 10:17:22[0m
[0;32mI (184) app_init: ELF file SHA256:  de478e363...[0m
[0;32mI (188) app_init: ESP-IDF:          -128-NOTFOUND[0m
[0;32mI (192) efuse_init: Min chip rev:     v0.0[0m
[0;32mI (196) efuse_init: Max chip rev:     v3.99 [0m
[0;32mI (200) efuse_init: Chip rev:         v3.1[0m
[0;32mI (204) heap_init: Initializing. RAM available for dynamic allocation:[0m
[0;32mI (211) heap_init: At 3FFAE6E0 len 00001920 (6 KiB): DRAM[0m
[0;32mI (215) heap_init: At 3FFB2E88 len 0002D178 (180 KiB): DRAM[0m
[0;32mI (221) heap_init: At 3FFE0440 len 00003AE0 (14 KiB): D/IRAM[0m
[0;32mI (226) heap_init: At 3FFE4350 len 0001BCB0 (111 KiB): D/IRAM[0m
[0;32mI (232) heap_init: At 4008C9A4 len 0001365C (77 KiB): IRAM[0m
[0;33mW (238) spi_flash: Detected boya flash chip but using generic driver. For optimal functionality, enable `SPI_FLASH_SUPPORT_BOYA_CHIP` in menuconfig[0m
[0;32mI (250) spi_flash: detected chip: generic[0m
[0;32mI (253) spi_flash: flash io: dio[0m
[0;33mW (256) spi_flash: Detected size(4096k) larger than the size in the binary image header(2048k). Using the size in the binary image header.[0m
[0;32mI (269) main_task: Started on CPU0[0m
[0;32mI (279) main_task: Calling app_main()[0m
Hello world!
This is esp32 chip with 2 CPU core(s), WiFi/BTBLE, silicon revision v3.1, 2MB external flash
Minimum free heap size: 304988 bytes
Restarting in 10 seconds...
Restarting in 9 seconds...
Restarting in 8 seconds...
Restarting in 7 seconds...
Restarting in 6 seconds...
Restarting in 5 seconds...
Restarting in 4 seconds...
Restarting in 3 seconds...
Restarting in 2 seconds...
Restarting in 1 seconds...
Restarting in 0 seconds...
Restarting now.
ets Jul 29 2019 12:21:46

rst:0xc (SW_CPU_RESET),boot:0x13 (SPI_FAST_FLASH_BOOT)
configsip: 0, SPIWP:0xee
clk_drv:0x00,q_drv:0x00,d_drv:0x00,cs0_drv:0x00,hd_drv:0x00,wp_drv:0x00
mode:DIO, clock div:2
load:0x3fff0030,len:6280
load:0x40078000,len:15864
load:0x40080400,len:3920
entry 0x40080644
[0;32mI (27) boot: ESP-IDF -128-NOTFOUND 2nd stage bootloader[0m
[0;32mI (27) boot: compile time Mar  3 2026 10:17:38[0m
[0;32mI (27) boot: Multicore bootloader[0m
[0;32mI (29) boot: chip revision: v3.1[0m
[0;32mI (32) boot.esp32: SPI Speed      : 40MHz[0m
[0;32mI (36) boot.esp32: SPI Mode       : DIO[0m
[0;32mI (39) boot.esp32: SPI Flash Size : 2MB[0m
[0;32mI (43) boot: Enabling RNG early entropy source...[0m
[0;32mI (47) boot: Partition Table:[0m
[0;32mI (50) boot: ## Label            Usage          Type ST Offset   Length[0m
[0;32mI (56) boot:  0 nvs              WiFi data        01 02 00009000 00006000[0m
[0;32mI (63) boot:  1 phy_init         RF data          01 01 0000f000 00001000[0m
[0;32mI (69) boot:  2 factory          factory app      00 00 00010000 00100000[0m
[0;32mI (76) boot: End of partition table[0m
[0;32mI (79) esp_image: segment 0: paddr=00010020 vaddr=3f400020 size=06be0h ( 27616) map[0m
[0;32mI (96) esp_image: segment 1: paddr=00016c08 vaddr=3ffb0000 size=02624h (  9764) load[0m
[0;32mI (100) esp_image: segment 2: paddr=00019234 vaddr=40080000 size=06de4h ( 28132) load[0m
[0;32mI (113) esp_image: segment 3: paddr=00020020 vaddr=400d0020 size=0b8e8h ( 47336) map[0m
[0;32mI (129) esp_image: segment 4: paddr=0002b910 vaddr=40086de4 size=05bc0h ( 23488) load[0m
[0;32mI (138) esp_image: segment 5: paddr=000314d8 vaddr=50000000 size=00020h (    32) load[0m
[0;32mI (145) boot: Loaded app from partition at offset 0x10000[0m
[0;32mI (145) boot: Disabling RNG early entropy source...[0m
[0;32mI (157) cpu_start: Multicore app[0m
[0;32mI (165) cpu_start: GPIO 3 and 1 are used as console UART I/O pins[0m
[0;32mI (165) cpu_start: Pro cpu start user code[0m
[0;32mI (165) cpu_start: cpu freq: 160000000 Hz[0m
[0;32mI (167) app_init: Application information:[0m
[0;32mI (171) app_init: Project name:     hello_world[0m
[0;32mI (175) app_init: App version:      1[0m
[0;32mI (179) app_init: Compile time:     Mar  3 2026 10:17:22[0m
[0;32mI (184) app_init: ELF file SHA256:  de478e363...[0m
[0;32mI (188) app_init: ESP-IDF:          -128-NOTFOUND[0m
[0;32mI (192) efuse_init: Min chip rev:     v0.0[0m
[0;32mI (196) efuse_init: Max chip rev:     v3.99 [0m
[0;32mI (200) efuse_init: Chip rev:         v3.1[0m
[0;32mI (204) heap_init: Initializing. RAM available for dynamic allocation:[0m
[0;32mI (211) heap_init: At 3FFAE6E0 len 00001920 (6 KiB): DRAM[0m
[0;32mI (215) heap_init: At 3FFB2E88 len 0002D178 (180 KiB): DRAM[0m
[0;32mI (221) heap_init: At 3FFE0440 len 00003AE0 (14 KiB): D/IRAM[0m
[0;32mI (226) heap_init: At 3FFE4350 len 0001BCB0 (111 KiB): D/IRAM[0m
[0;32mI (232) heap_init: At 4008C9A4 len 0001365C (77 KiB): IRAM[0m
[0;33mW (238) spi_flash: Detected boya flash chip but using generic driver. For optimal functionality, enable `SPI_FLASH_SUPPORT_BOYA_CHIP` in menuconfig[0m
[0;32mI (250) spi_flash: detected chip: generic[0m
[0;32mI (253) spi_flash: flash io: dio[0m
[0;33mW (256) spi_flash: Detected size(4096k) larger than the size in the binary image header(2048k). Using the size in the binary image header.[0m
[0;32mI (269) main_task: Started on CPU0[0m
[0;32mI (279) main_task: Calling app_main()[0m
Hello world!
This is esp32 chip with 2 CPU core(s), WiFi/BTBLE, silicon revision v3.1, 2MB external flash
Minimum free heap size: 304988 bytes
Restarting in 10 seconds...
Restarting in 9 seconds...
Restarting in 8 seconds...
Restarting in 7 seconds...
Restarting in 6 seconds...
Restarting in 5 seconds...
Restarting in 4 seconds...
Restarting in 3 seconds...
Restarting in 2 seconds...
Restarting in 1 seconds...
Restarting in 0 seconds...
Restarting now.
ets Jul 29 2019 12:21:46

rst:0xc (SW_CPU_RESET),boot:0x13 (SPI_FAST_FLASH_BOOT)
configsip: 0, SPIWP:0xee
clk_drv:0x00,q_drv:0x00,d_drv:0x00,cs0_drv:0x00,hd_drv:0x00,wp_drv:0x00
mode:DIO, clock div:2
load:0x3fff0030,len:6280
load:0x40078000,len:15864
load:0x40080400,len:3920
entry 0x40080644
[0;32mI (27) boot: ESP-IDF -128-NOTFOUND 2nd stage bootloader[0m
[0;32mI (27) boot: compile time Mar  3 2026 10:17:38[0m
[0;32mI (27) boot: Multicore bootloader[0m
[0;32mI (29) boot: chip revision: v3.1[0m
[0;32mI (32) boot.esp32: SPI Speed      : 40MHz[0m
[0;32mI (36) boot.esp32: SPI Mode       : DIO[0m
[0;32mI (39) boot.esp32: SPI Flash Size : 2MB[0m
[0;32mI (43) boot: Enabling RNG early entropy source...[0m
[0;32mI (47) boot: Partition Table:[0m
[0;32mI (50) boot: ## Label            Usage          Type ST Offset   Length[0m
[0;32mI (56) boot:  0 nvs              WiFi data        01 02 00009000 00006000[0m
[0;32mI (63) boot:  1 phy_init         RF data          01 01 0000f000 00001000[0m
[0;32mI (69) boot:  2 factory          factory app      00 00 00010000 00100000[0m
[0;32mI (76) boot: End of partition table[0m
[0;32mI (79) esp_image: segment 0: paddr=00010020 vaddr=3f400020 size=06be0h ( 27616) map[0m
[0;32mI (96) esp_image: segment 1: paddr=00016c08 vaddr=3ffb0000 size=02624h (  9764) load[0m
[0;32mI (100) esp_image: segment 2: paddr=00019234 vaddr=40080000 size=06de4h ( 28132) load[0m
[0;32mI (113) esp_image: segment 3: paddr=00020020 vaddr=400d0020 size=0b8e8h ( 47336) map[0m
[0;32mI (129) esp_image: segment 4: paddr=0002b910 vaddr=40086de4 size=05bc0h ( 23488) load[0m
[0;32mI (138) esp_image: segment 5: paddr=000314d8 vaddr=50000000 size=00020h (    32) load[0m
[0;32mI (145) boot: Loaded app from partition at offset 0x10000[0m
[0;32mI (145) boot: Disabling RNG early entropy source...[0m
[0;32mI (157) cpu_start: Multicore app[0m
[0;32mI (165) cpu_start: GPIO 3 and 1 are used as console UART I/O pins[0m
[0;32mI (165) cpu_start: Pro cpu start user code[0m
[0;32mI (165) cpu_start: cpu freq: 160000000 Hz[0m
[0;32mI (167) app_init: Application information:[0m
[0;32mI (171) app_init: Project name:     hello_world[0m
[0;32mI (175) app_init: App version:      1[0m
[0;32mI (179) app_init: Compile time:     Mar  3 2026 10:17:22[0m
[0;32mI (184) app_init: ELF file SHA256:  de478e363...[0m
[0;32mI (188) app_init: ESP-IDF:          -128-NOTFOUND[0m
[0;32mI (192) efuse_init: Min chip rev:     v0.0[0m
[0;32mI (196) efuse_init: Max chip rev:     v3.99 [0m
[0;32mI (200) efuse_init: Chip rev:         v3.1[0m
[0;32mI (204) heap_init: Initializing. RAM available for dynamic allocation:[0m
[0;32mI (211) heap_init: At 3FFAE6E0 len 00001920 (6 KiB): DRAM[0m
[0;32mI (215) heap_init: At 3FFB2E88 len 0002D178 (180 KiB): DRAM[0m
[0;32mI (221) heap_init: At 3FFE0440 len 00003AE0 (14 KiB): D/IRAM[0m
[0;32mI (226) heap_init: At 3FFE4350 len 0001BCB0 (111 KiB): D/IRAM[0m
[0;32mI (232) heap_init: At 4008C9A4 len 0001365C (77 KiB): IRAM[0m
[0;33mW (238) spi_flash: Detected boya flash chip but using generic driver. For optimal functionality, enable `SPI_FLASH_SUPPORT_BOYA_CHIP` in menuconfig[0m
[0;32mI (250) spi_flash: detected chip: generic[0m
[0;32mI (253) spi_flash: flash io: dio[0m
[0;33mW (256) spi_flash: Detected size(4096k) larger than the size in the binary image header(2048k). Using the size in the binary image header.[0m
[0;32mI (269) main_task: Started on CPU0[0m
[0;32mI (279) main_task: Calling app_main()[0m
Hello world!
This is esp32 chip with 2 CPU core(s), WiFi/BTBLE, silicon revision v3.1, 2MB external flash
Minimum free heap size: 304988 bytes
Restarting in 10 seconds...
Restarting in 9 seconds...
Restarting in 8 seconds...
Restarting in 7 seconds...
Restarting in 6 seconds...
Restarting in 5 seconds...
Restarting in 4 seconds...
Restarting in 3 seconds...
Restarting in 2 seconds...
Restarting in 1 seconds...
Restarting in 0 seconds...
Restarting now.
ets Jul 29 2019 12:21:46

rst:0xc (SW_CPU_RESET),boot:0x13 (SPI_FAST_FLASH_BOOT)
configsip: 0, SPIWP:0xee
clk_drv:0x00,q_drv:0x00,d_drv:0x00,cs0_drv:0x00,hd_drv:0x00,wp_drv:0x00
mode:DIO, clock div:2
load:0x3fff0030,len:6280
load:0x40078000,len:15864
load:0x40080400,len:3920
entry 0x40080644
[0;32mI (27) boot: ESP-IDF -128-NOTFOUND 2nd stage bootloader[0m
[0;32mI (27) boot: compile time Mar  3 2026 10:17:38[0m
[0;32mI (27) boot: Multicore bootloader[0m
[0;32mI (29) boot: chip revision: v3.1[0m
[0;32mI (32) boot.esp32: SPI Speed      : 40MHz[0m
[0;32mI (36) boot.esp32: SPI Mode       : DIO[0m
[0;32mI (39) boot.esp32: SPI Flash Size : 2MB[0m
[0;32mI (43) boot: Enabling RNG early entropy source...[0m
[0;32mI (47) boot: Partition Table:[0m
[0;32mI (50) boot: ## Label            Usage          Type ST Offset   Length[0m
[0;32mI (56) boot:  0 nvs              WiFi data        01 02 00009000 00006000[0m
[0;32mI (63) boot:  1 phy_init         RF data          01 01 0000f000 00001000[0m
[0;32mI (69) boot:  2 factory          factory app      00 00 00010000 00100000[0m
[0;32mI (76) boot: End of partition table[0m
[0;32mI (79) esp_image: segment 0: paddr=00010020 vaddr=3f400020 size=06be0h ( 27616) map[0m
[0;32mI (96) esp_image: segment 1: paddr=00016c08 vaddr=3ffb0000 size=02624h (  9764) load[0m
[0;32mI (100) esp_image: segment 2: paddr=00019234 vaddr=40080000 size=06de4h ( 28132) load[0m
[0;32mI (113) esp_image: segment 3: paddr=00020020 vaddr=400d0020 size=0b8e8h ( 47336) map[0m
[0;32mI (129) esp_image: segment 4: paddr=0002b910 vaddr=40086de4 size=05bc0h ( 23488) load[0m
[0;32mI (138) esp_image: segment 5: paddr=000314d8 vaddr=50000000 size=00020h (    32) load[0m
[0;32mI (145) boot: Loaded app from partition at offset 0x10000[0m
[0;32mI (145) boot: Disabling RNG early entropy source...[0m
[0;32mI (157) cpu_start: Multicore app[0m
[0;32mI (165) cpu_start: GPIO 3 and 1 are used as console UART I/O pins[0m
[0;32mI (165) cpu_start: Pro cpu start user code[0m
[0;32mI (165) cpu_start: cpu freq: 160000000 Hz[0m
[0;32mI (167) app_init: Application information:[0m
[0;32mI (171) app_init: Project name:     hello_world[0m
[0;32mI (175) app_init: App version:      1[0m
[0;32mI (179) app_init: Compile time:     Mar  3 2026 10:17:22[0m
[0;32mI (184) app_init: ELF file SHA256:  de478e363...[0m
[0;32mI (188) app_init: ESP-IDF:          -128-NOTFOUND[0m
[0;32mI (192) efuse_init: Min chip rev:     v0.0[0m
[0;32mI (196) efuse_init: Max chip rev:     v3.99 [0m
[0;32mI (200) efuse_init: Chip rev:         v3.1[0m
[0;32mI (204) heap_init: Initializing. RAM available for dynamic allocation:[0m
[0;32mI (211) heap_init: At 3FFAE6E0 len 00001920 (6 KiB): DRAM[0m
[0;32mI (215) heap_init: At 3FFB2E88 len 0002D178 (180 KiB): DRAM[0m
[0;32mI (221) heap_init: At 3FFE0440 len 00003AE0 (14 KiB): D/IRAM[0m
[0;32mI (226) heap_init: At 3FFE4350 len 0001BCB0 (111 KiB): D/IRAM[0m
[0;32mI (232) heap_init: At 4008C9A4 len 0001365C (77 KiB): IRAM[0m
[0;33mW (238) spi_flash: Detected boya flash chip but using generic driver. For optimal functionality, enable `SPI_FLASH_SUPPORT_BOYA_CHIP` in menuconfig[0m
[0;32mI (250) spi_flash: detected chip: generic[0m
[0;32mI (253) spi_flash: flash io: dio[0m
[0;33mW (256) spi_flash: Detected size(4096k) larger than the size in the binary image header(2048k). Using the size in the binary image header.[0m
[0;32mI (269) main_task: Started on CPU0[0m
[0;32mI (279) main_task: Calling app_main()[0m
Hello world!
This is esp32 chip with 2 CPU core(s), WiFi/BTBLE, silicon revision v3.1, 2MB external flash
Minimum free heap size: 304988 bytes
Restarting in 10 seconds...
Restarting in 9 seconds...
Restarting in 8 seconds...
Restarting in 7 seconds...
Restarting in 6 seconds...
Restarting in 5 seconds...
Restarting in 4 seconds...
Restarting in 3 seconds...
Restarting in 2 seconds...
Restarting in 1 seconds...
Restarting in 0 seconds...
Restarting now.
ets Jul 29 2019 12:21:46

rst:0xc (SW_CPU_RESET),boot:0x13 (SPI_FAST_FLASH_BOOT)
configsip: 0, SPIWP:0xee
clk_drv:0x00,q_drv:0x00,d_drv:0x00,cs0_drv:0x00,hd_drv:0x00,wp_drv:0x00
mode:DIO, clock div:2
load:0x3fff0030,len:6280
load:0x40078000,len:15864
load:0x40080400,len:3920
entry 0x40080644
[0;32mI (27) boot: ESP-IDF -128-NOTFOUND 2nd stage bootloader[0m
[0;32mI (27) boot: compile time Mar  3 2026 10:17:38[0m
[0;32mI (27) boot: Multicore bootloader[0m
[0;32mI (29) boot: chip revision: v3.1[0m
[0;32mI (32) boot.esp32: SPI Speed      : 40MHz[0m
[0;32mI (36) boot.esp32: SPI Mode       : DIO[0m
[0;32mI (39) boot.esp32: SPI Flash Size : 2MB[0m
[0;32mI (43) boot: Enabling RNG early entropy source...[0m
[0;32mI (47) boot: Partition Table:[0m
[0;32mI (50) boot: ## Label            Usage          Type ST Offset   Length[0m
[0;32mI (56) boot:  0 nvs              WiFi data        01 02 00009000 00006000[0m
[0;32mI (63) boot:  1 phy_init         RF data          01 01 0000f000 00001000[0m
[0;32mI (69) boot:  2 factory          factory app      00 00 00010000 00100000[0m
[0;32mI (76) boot: End of partition table[0m
[0;32mI (79) esp_image: segment 0: paddr=00010020 vaddr=3f400020 size=06be0h ( 27616) map[0m
[0;32mI (96) esp_image: segment 1: paddr=00016c08 vaddr=3ffb0000 size=02624h (  9764) load[0m
[0;32mI (100) esp_image: segment 2: paddr=00019234 vaddr=40080000 size=06de4h ( 28132) load[0m
[0;32mI (113) esp_image: segment 3: paddr=00020020 vaddr=400d0020 size=0b8e8h ( 47336) map[0m
[0;32mI (129) esp_image: segment 4: paddr=0002b910 vaddr=40086de4 size=05bc0h ( 23488) load[0m
[0;32mI (138) esp_image: segment 5: paddr=000314d8 vaddr=50000000 size=00020h (    32) load[0m
[0;32mI (145) boot: Loaded app from partition at offset 0x10000[0m
[0;32mI (145) boot: Disabling RNG early entropy source...[0m
[0;32mI (157) cpu_start: Multicore app[0m
[0;32mI (165) cpu_start: GPIO 3 and 1 are used as console UART I/O pins[0m
[0;32mI (165) cpu_start: Pro cpu start user code[0m
[0;32mI (165) cpu_start: cpu freq: 160000000 Hz[0m
[0;32mI (167) app_init: Application information:[0m
[0;32mI (171) app_init: Project name:     hello_world[0m
[0;32mI (175) app_init: App version:      1[0m
[0;32mI (179) app_init: Compile time:     Mar  3 2026 10:17:22[0m
[0;32mI (184) app_init: ELF file SHA256:  de478e363...[0m
[0;32mI (188) app_init: ESP-IDF:          -128-NOTFOUND[0m
[0;32mI (192) efuse_init: Min chip rev:     v0.0[0m
[0;32mI (196) efuse_init: Max chip rev:     v3.99 [0m
[0;32mI (200) efuse_init: Chip rev:         v3.1[0m
[0;32mI (204) heap_init: Initializing. RAM available for dynamic allocation:[0m
[0;32mI (211) heap_init: At 3FFAE6E0 len 00001920 (6 KiB): DRAM[0m
[0;32mI (215) heap_init: At 3FFB2E88 len 0002D178 (180 KiB): DRAM[0m
[0;32mI (221) heap_init: At 3FFE0440 len 00003AE0 (14 KiB): D/IRAM[0m
[0;32mI (226) heap_init: At 3FFE4350 len 0001BCB0 (111 KiB): D/IRAM[0m
[0;32mI (232) heap_init: At 4008C9A4 len 0001365C (77 KiB): IRAM[0m
[0;33mW (238) spi_flash: Detected boya flash chip but using generic driver. For optimal functionality, enable `SPI_FLASH_SUPPORT_BOYA_CHIP` in menuconfig[0m
[0;32mI (250) spi_flash: detected chip: generic[0m
[0;32mI (253) spi_flash: flash io: dio[0m
[0;33mW (256) spi_flash: Detected size(4096k) larger than the size in the binary image header(2048k). Using the size in the binary image header.[0m
[0;32mI (269) main_task: Started on CPU0[0m
[0;32mI (279) main_task: Calling app_main()[0m
Hello world!
This is esp32 chip with 2 CPU core(s), WiFi/BTBLE, silicon revision v3.1, 2MB external flash
Minimum free heap size: 304988 bytes
Restarting in 10 seconds...
Restarting in 9 seconds...
Restarting in 8 seconds...
Restarting in 7 seconds...
Restarting in 6 seconds...
Restarting in 5 seconds...
Restarting in 4 seconds...
Restarting in 3 seconds...
Restarting in 2 seconds...
Restarting in 1 seconds...
Restarting in 0 seconds...
Restarting now.
ets Jul 29 2019 12:21:46

rst:0xc (SW_CPU_RESET),boot:0x13 (SPI_FAST_FLASH_BOOT)
configsip: 0, SPIWP:0xee
clk_drv:0x00,q_drv:0x00,d_drv:0x00,cs0_drv:0x00,hd_drv:0x00,wp_drv:0x00
mode:DIO, clock div:2
load:0x3fff0030,len:6280
load:0x40078000,len:15864
load:0x40080400,len:3920
entry 0x40080644
[0;32mI (27) boot: ESP-IDF -128-NOTFOUND 2nd stage bootloader[0m
[0;32mI (27) boot: compile time Mar  3 2026 10:17:38[0m
[0;32mI (27) boot: Multicore bootloader[0m
[0;32mI (29) boot: chip revision: v3.1[0m
[0;32mI (32) boot.esp32: SPI Speed      : 40MHz[0m
[0;32mI (36) boot.esp32: SPI Mode       : DIO[0m
[0;32mI (39) boot.esp32: SPI Flash Size : 2MB[0m
[0;32mI (43) boot: Enabling RNG early entropy source...[0m
[0;32mI (47) boot: Partition Table:[0m
[0;32mI (50) boot: ## Label            Usage          Type ST Offset   Length[0m
[0;32mI (56) boot:  0 nvs              WiFi data        01 02 00009000 00006000[0m
[0;32mI (63) boot:  1 phy_init         RF data          01 01 0000f000 00001000[0m
[0;32mI (69) boot:  2 factory          factory app      00 00 00010000 00100000[0m
[0;32mI (76) boot: End of partition table[0m
[0;32mI (79) esp_image: segment 0: paddr=00010020 vaddr=3f400020 size=06be0h ( 27616) map[0m
[0;32mI (96) esp_image: segment 1: paddr=00016c08 vaddr=3ffb0000 size=02624h (  9764) load[0m
[0;32mI (100) esp_image: segment 2: paddr=00019234 vaddr=40080000 size=06de4h ( 28132) load[0m
[0;32mI (113) esp_image: segment 3: paddr=00020020 vaddr=400d0020 size=0b8e8h ( 47336) map[0m
[0;32mI (129) esp_image: segment 4: paddr=0002b910 vaddr=40086de4 size=05bc0h ( 23488) load[0m
[0;32mI (138) esp_image: segment 5: paddr=000314d8 vaddr=50000000 size=00020h (    32) load[0m
[0;32mI (145) boot: Loaded app from partition at offset 0x10000[0m
[0;32mI (145) boot: Disabling RNG early entropy source...[0m
[0;32mI (157) cpu_start: Multicore app[0m
[0;32mI (165) cpu_start: GPIO 3 and 1 are used as console UART I/O pins[0m
[0;32mI (165) cpu_start: Pro cpu start user code[0m
[0;32mI (165) cpu_start: cpu freq: 160000000 Hz[0m
[0;32mI (167) app_init: Application information:[0m
[0;32mI (171) app_init: Project name:     hello_world[0m
[0;32mI (175) app_init: App version:      1[0m
[0;32mI (179) app_init: Compile time:     Mar  3 2026 10:17:22[0m
[0;32mI (184) app_init: ELF file SHA256:  de478e363...[0m
[0;32mI (188) app_init: ESP-IDF:          -128-NOTFOUND[0m
[0;32mI (192) efuse_init: Min chip rev:     v0.0[0m
[0;32mI (196) efuse_init: Max chip rev:     v3.99 [0m
[0;32mI (200) efuse_init: Chip rev:         v3.1[0m
[0;32mI (204) heap_init: Initializing. RAM available for dynamic allocation:[0m
[0;32mI (211) heap_init: At 3FFAE6E0 len 00001920 (6 KiB): DRAM[0m
[0;32mI (215) heap_init: At 3FFB2E88 len 0002D178 (180 KiB): DRAM[0m
[0;32mI (221) heap_init: At 3FFE0440 len 00003AE0 (14 KiB): D/IRAM[0m
[0;32mI (226) heap_init: At 3FFE4350 len 0001BCB0 (111 KiB): D/IRAM[0m
[0;32mI (232) heap_init: At 4008C9A4 len 0001365C (77 KiB): IRAM[0m
[0;33mW (238) spi_flash: Detected boya flash chip but using generic driver. For optimal functionality, enable `SPI_FLASH_SUPPORT_BOYA_CHIP` in menuconfig[0m
[0;32mI (250) spi_flash: detected chip: generic[0m
[0;32mI (253) spi_flash: flash io: dio[0m
[0;33mW (256) spi_flash: Detected size(4096k) larger than the size in the binary image header(2048k). Using the size in the binary image header.[0m
[0;32mI (269) main_task: Started on CPU0[0m
[0;32mI (279) main_task: Calling app_main()[0m
Hello world!
This is esp32 chip with 2 CPU core(s), WiFi/BTBLE, silicon revision v3.1, 2MB external flash
Minimum free heap size: 304988 bytes
Restarting in 10 seconds...
Restarting in 9 seconds...
Restarting in 8 seconds...
Restarting in 7 seconds...
Restarting in 6 seconds...
Restarting in 5 seconds...
Restarting in 4 seconds...
Restarting in 3 seconds...
Restarting in 2 seconds...
Restarting in 1 seconds...
Restarting in 0 seconds...
Restarting now.
ets Jul 29 2019 12:21:46

rst:0xc (SW_CPU_RESET),boot:0x13 (SPI_FAST_FLASH_BOOT)
configsip: 0, SPIWP:0xee
clk_drv:0x00,q_drv:0x00,d_drv:0x00,cs0_drv:0x00,hd_drv:0x00,wp_drv:0x00
mode:DIO, clock div:2
load:0x3fff0030,len:6280
load:0x40078000,len:15864
load:0x40080400,len:3920
entry 0x40080644
[0;32mI (27) boot: ESP-IDF -128-NOTFOUND 2nd stage bootloader[0m
[0;32mI (27) boot: compile time Mar  3 2026 10:17:38[0m
[0;32mI (27) boot: Multicore bootloader[0m
[0;32mI (29) boot: chip revision: v3.1[0m
[0;32mI (32) boot.esp32: SPI Speed      : 40MHz[0m
[0;32mI (36) boot.esp32: SPI Mode       : DIO[0m
[0;32mI (39) boot.esp32: SPI Flash Size : 2MB[0m
[0;32mI (43) boot: Enabling RNG early entropy source...[0m
[0;32mI (47) boot: Partition Table:[0m
[0;32mI (50) boot: ## Label            Usage          Type ST Offset   Length[0m
[0;32mI (56) boot:  0 nvs              WiFi data        01 02 00009000 00006000[0m
[0;32mI (63) boot:  1 phy_init         RF data          01 01 0000f000 00001000[0m
[0;32mI (69) boot:  2 factory          factory app      00 00 00010000 00100000[0m
[0;32mI (76) boot: End of partition table[0m
[0;32mI (79) esp_image: segment 0: paddr=00010020 vaddr=3f400020 size=06be0h ( 27616) map[0m
[0;32mI (96) esp_image: segment 1: paddr=00016c08 vaddr=3ffb0000 size=02624h (  9764) load[0m
[0;32mI (100) esp_image: segment 2: paddr=00019234 vaddr=40080000 size=06de4h ( 28132) load[0m
[0;32mI (113) esp_image: segment 3: paddr=00020020 vaddr=400d0020 size=0b8e8h ( 47336) map[0m
[0;32mI (129) esp_image: segment 4: paddr=0002b910 vaddr=40086de4 size=05bc0h ( 23488) load[0m
[0;32mI (138) esp_image: segment 5: paddr=000314d8 vaddr=50000000 size=00020h (    32) load[0m
[0;32mI (145) boot: Loaded app from partition at offset 0x10000[0m
[0;32mI (145) boot: Disabling RNG early entropy source...[0m
[0;32mI (157) cpu_start: Multicore app[0m
[0;32mI (165) cpu_start: GPIO 3 and 1 are used as console UART I/O pins[0m
[0;32mI (165) cpu_start: Pro cpu start user code[0m
[0;32mI (165) cpu_start: cpu freq: 160000000 Hz[0m
[0;32mI (167) app_init: Application information:[0m
[0;32mI (171) app_init: Project name:     hello_world[0m
[0;32mI (175) app_init: App version:      1[0m
[0;32mI (179) app_init: Compile time:     Mar  3 2026 10:17:22[0m
[0;32mI (184) app_init: ELF file SHA256:  de478e363...[0m
[0;32mI (188) app_init: ESP-IDF:          -128-NOTFOUND[0m
[0;32mI (192) efuse_init: Min chip rev:     v0.0[0m
[0;32mI (196) efuse_init: Max chip rev:     v3.99 [0m
[0;32mI (200) efuse_init: Chip rev:         v3.1[0m
[0;32mI (204) heap_init: Initializing. RAM available for dynamic allocation:[0m
[0;32mI (211) heap_init: At 3FFAE6E0 len 00001920 (6 KiB): DRAM[0m
[0;32mI (215) heap_init: At 3FFB2E88 len 0002D178 (180 KiB): DRAM[0m
[0;32mI (221) heap_init: At 3FFE0440 len 00003AE0 (14 KiB): D/IRAM[0m
[0;32mI (226) heap_init: At 3FFE4350 len 0001BCB0 (111 KiB): D/IRAM[0m
[0;32mI (232) heap_init: At 4008C9A4 len 0001365C (77 KiB): IRAM[0m
[0;33mW (238) spi_flash: Detected boya flash chip but using generic driver. For optimal functionality, enable `SPI_FLASH_SUPPORT_BOYA_CHIP` in menuconfig[0m
[0;32mI (250) spi_flash: detected chip: generic[0m
[0;32mI (253) spi_flash: flash io: dio[0m
[0;33mW (256) spi_flash: Detected size(4096k) larger than the size in the binary image header(2048k). Using the size in the binary image header.[0m
[0;32mI (269) main_task: Started on CPU0[0m
